Archive member included to satisfy reference by file (symbol)

F:\Enib\ProjetCM33\E3\sen_cm33_lab3_i2c\libs\libpower_hardabi.a(fsl_power_lib.o)
                              ./drivers/fsl_clock.o (POWER_SetVoltageForFreq)
f:/nxp/mcuxpressoide_11.8.0_1165/ide/plugins/com.nxp.mcuxpresso.tools.win32_11.8.0.202306131047/tools/bin/../lib/gcc/arm-none-eabi/12.2.1/../../../../arm-none-eabi/lib/thumb/v8-m.main+fp/hard\libcr_semihost_nf.a(_cr__main.o)
                              ./startup/startup_lpc55s69_cm33_core0.o (__main)
f:/nxp/mcuxpressoide_11.8.0_1165/ide/plugins/com.nxp.mcuxpresso.tools.win32_11.8.0.202306131047/tools/bin/../lib/gcc/arm-none-eabi/12.2.1/../../../../arm-none-eabi/lib/thumb/v8-m.main+fp/hard\libcr_semihost_nf.a(_cr_assert.o)
                              ./utilities/fsl_debug_console.o (__assertion_failed)
f:/nxp/mcuxpressoide_11.8.0_1165/ide/plugins/com.nxp.mcuxpresso.tools.win32_11.8.0.202306131047/tools/bin/../lib/gcc/arm-none-eabi/12.2.1/../../../../arm-none-eabi/lib/thumb/v8-m.main+fp/hard\libcr_semihost_nf.a(__ciob.o)
                              f:/nxp/mcuxpressoide_11.8.0_1165/ide/plugins/com.nxp.mcuxpresso.tools.win32_11.8.0.202306131047/tools/bin/../lib/gcc/arm-none-eabi/12.2.1/../../../../arm-none-eabi/lib/thumb/v8-m.main+fp/hard\libcr_semihost_nf.a(_cr_assert.o) (__Ciob)
f:/nxp/mcuxpressoide_11.8.0_1165/ide/plugins/com.nxp.mcuxpresso.tools.win32_11.8.0.202306131047/tools/bin/../lib/gcc/arm-none-eabi/12.2.1/../../../../arm-none-eabi/lib/thumb/v8-m.main+fp/hard\libcr_semihost_nf.a(__sys_appexit.o)
                              f:/nxp/mcuxpressoide_11.8.0_1165/ide/plugins/com.nxp.mcuxpresso.tools.win32_11.8.0.202306131047/tools/bin/../lib/gcc/arm-none-eabi/12.2.1/../../../../arm-none-eabi/lib/thumb/v8-m.main+fp/hard\libcr_semihost_nf.a(_cr_assert.o) (__sys_appexit)
f:/nxp/mcuxpressoide_11.8.0_1165/ide/plugins/com.nxp.mcuxpresso.tools.win32_11.8.0.202306131047/tools/bin/../lib/gcc/arm-none-eabi/12.2.1/../../../../arm-none-eabi/lib/thumb/v8-m.main+fp/hard\libcr_c.a(memcpy.o)
                              ./utilities/fsl_str.o (memcpy)
f:/nxp/mcuxpressoide_11.8.0_1165/ide/plugins/com.nxp.mcuxpresso.tools.win32_11.8.0.202306131047/tools/bin/../lib/gcc/arm-none-eabi/12.2.1/../../../../arm-none-eabi/lib/thumb/v8-m.main+fp/hard\libcr_c.a(memset.o)
                              ./drivers/fsl_clock.o (memset)
f:/nxp/mcuxpressoide_11.8.0_1165/ide/plugins/com.nxp.mcuxpresso.tools.win32_11.8.0.202306131047/tools/bin/../lib/gcc/arm-none-eabi/12.2.1/../../../../arm-none-eabi/lib/thumb/v8-m.main+fp/hard\libcr_c.a(_deferredlazyseek.o)
                              f:/nxp/mcuxpressoide_11.8.0_1165/ide/plugins/com.nxp.mcuxpresso.tools.win32_11.8.0.202306131047/tools/bin/../lib/gcc/arm-none-eabi/12.2.1/../../../../arm-none-eabi/lib/thumb/v8-m.main+fp/hard\libcr_semihost_nf.a(_cr_assert.o) (__flsbuf)
f:/nxp/mcuxpressoide_11.8.0_1165/ide/plugins/com.nxp.mcuxpresso.tools.win32_11.8.0.202306131047/tools/bin/../lib/gcc/arm-none-eabi/12.2.1/../../../../arm-none-eabi/lib/thumb/v8-m.main+fp/hard\libcr_c.a(_fflush.o)
                              f:/nxp/mcuxpressoide_11.8.0_1165/ide/plugins/com.nxp.mcuxpresso.tools.win32_11.8.0.202306131047/tools/bin/../lib/gcc/arm-none-eabi/12.2.1/../../../../arm-none-eabi/lib/thumb/v8-m.main+fp/hard\libcr_c.a(_deferredlazyseek.o) (_fflush)
f:/nxp/mcuxpressoide_11.8.0_1165/ide/plugins/com.nxp.mcuxpresso.tools.win32_11.8.0.202306131047/tools/bin/../lib/gcc/arm-none-eabi/12.2.1/../../../../arm-none-eabi/lib/thumb/v8-m.main+fp/hard\libcr_c.a(_writebuf.o)
                              f:/nxp/mcuxpressoide_11.8.0_1165/ide/plugins/com.nxp.mcuxpresso.tools.win32_11.8.0.202306131047/tools/bin/../lib/gcc/arm-none-eabi/12.2.1/../../../../arm-none-eabi/lib/thumb/v8-m.main+fp/hard\libcr_c.a(_deferredlazyseek.o) (_Cwritebuf)
f:/nxp/mcuxpressoide_11.8.0_1165/ide/plugins/com.nxp.mcuxpresso.tools.win32_11.8.0.202306131047/tools/bin/../lib/gcc/arm-none-eabi/12.2.1/../../../../arm-none-eabi/lib/thumb/v8-m.main+fp/hard\libcr_c.a(alloc.o)
                              ./drivers/fsl_common.o (malloc)
f:/nxp/mcuxpressoide_11.8.0_1165/ide/plugins/com.nxp.mcuxpresso.tools.win32_11.8.0.202306131047/tools/bin/../lib/gcc/arm-none-eabi/12.2.1/../../../../arm-none-eabi/lib/thumb/v8-m.main+fp/hard\libcr_c.a(fputs.o)
                              f:/nxp/mcuxpressoide_11.8.0_1165/ide/plugins/com.nxp.mcuxpresso.tools.win32_11.8.0.202306131047/tools/bin/../lib/gcc/arm-none-eabi/12.2.1/../../../../arm-none-eabi/lib/thumb/v8-m.main+fp/hard\libcr_semihost_nf.a(_cr_assert.o) (fputs)
f:/nxp/mcuxpressoide_11.8.0_1165/ide/plugins/com.nxp.mcuxpresso.tools.win32_11.8.0.202306131047/tools/bin/../lib/gcc/arm-none-eabi/12.2.1/../../../../arm-none-eabi/lib/thumb/v8-m.main+fp/hard\libcr_c.a(fseek.o)
[...]
Memory Configuration

Name             Origin             Length             Attributes
PROGRAM_FLASH    0x00000000         0x0009d800         xr
SRAM             0x20000000         0x00040000         xrw
SRAMX            0x04000000         0x00008000         xrw
USB_RAM          0x40100000         0x00004000         xrw
SRAM4            0x20040000         0x00004000         xrw
*default*        0x00000000         0xffffffff

Linker script and memory map

LOAD ./utilities/fsl_debug_console.o
LOAD ./utilities/fsl_str.o
LOAD ./startup/boot_multicore_slave.o
LOAD ./startup/startup_lpc55s69_cm33_core0.o
LOAD ./source/semihost_hardfault.o
LOAD ./source/sen_cm33_lab3_i2c.o
LOAD ./drivers/fsl_clock.o
LOAD ./drivers/fsl_common.o
LOAD ./drivers/fsl_flexcomm.o
LOAD ./drivers/fsl_gpio.o
LOAD ./drivers/fsl_i2c.o
LOAD ./drivers/fsl_inputmux.o
LOAD ./drivers/fsl_pint.o
LOAD ./drivers/fsl_power.o
LOAD ./drivers/fsl_reset.o
LOAD ./drivers/fsl_usart.o
LOAD ./device/system_LPC55S69_cm33_core0.o
LOAD ./component/uart/usart_adapter.o
LOAD ./component/serial_manager/serial_manager.o
LOAD ./component/serial_manager/serial_port_uart.o
LOAD ./component/lists/generic_list.o
LOAD ./component/mma8652fc.o
LOAD ./board/board.o
LOAD ./board/clock_config.o
LOAD ./board/peripherals.o
LOAD ./board/pin_mux.o
LOAD F:\Enib\ProjetCM33\E3\sen_cm33_lab3_i2c\libs\libpower_hardabi.a
START GROUP
LOAD f:/nxp/mcuxpressoide_11.8.0_1165/ide/plugins/com.nxp.mcuxpresso.tools.win32_11.8.0.202306131047/tools/bin/../lib/gcc/arm-none-eabi/12.2.1/../../../../arm-none-eabi/lib/thumb/v8-m.main+fp/hard\libcr_semihost_nf.a
LOAD f:/nxp/mcuxpressoide_11.8.0_1165/ide/plugins/com.nxp.mcuxpresso.tools.win32_11.8.0.202306131047/tools/bin/../lib/gcc/arm-none-eabi/12.2.1/../../../../arm-none-eabi/lib/thumb/v8-m.main+fp/hard\libcr_c.a
LOAD f:/nxp/mcuxpressoide_11.8.0_1165/ide/plugins/com.nxp.mcuxpresso.tools.win32_11.8.0.202306131047/tools/bin/../lib/gcc/arm-none-eabi/12.2.1/thumb/v8-m.main+fp/hard\libcr_eabihelpers.a
LOAD f:/nxp/mcuxpressoide_11.8.0_1165/ide/plugins/com.nxp.mcuxpresso.tools.win32_11.8.0.202306131047/tools/bin/../lib/gcc/arm-none-eabi/12.2.1/thumb/v8-m.main+fp/hard\libgcc.a
END GROUP
                0x00000000                __base_PROGRAM_FLASH = 0x0
                0x00000000                __base_Flash = 0x0
                0x0009d800                __top_PROGRAM_FLASH = 0x9d800
                0x0009d800                __top_Flash = 0x9d800
                0x20000000                __base_SRAM = 0x20000000
                0x20000000                __base_RAM = 0x20000000
                0x20040000                __top_SRAM = 0x20040000
                0x20040000                __top_RAM = 0x20040000
                0x04000000                __base_SRAMX = 0x4000000
                0x04000000                __base_RAM2 = 0x4000000
                0x04008000                __top_SRAMX = 0x4008000
                0x04008000                __top_RAM2 = 0x4008000
                0x40100000                __base_USB_RAM = 0x40100000
                0x40100000                __base_RAM3 = 0x40100000
                0x40104000                __top_USB_RAM = 0x40104000
                0x40104000                __top_RAM3 = 0x40104000
                0x20040000                __base_SRAM4 = 0x20040000
                0x20040000                __base_RAM4 = 0x20040000
                0x20044000                __top_SRAM4 = 0x20044000
                0x20044000                __top_RAM4 = 0x20044000

.text           0x00000000     0x42fc
 FILL mask 0xff
                0x00000000                __vectors_start__ = ABSOLUTE (.)
 *(SORT_BY_ALIGNMENT(.isr_vector))
 .isr_vector    0x00000000      0x130 ./startup/startup_lpc55s69_cm33_core0.o
                0x00000000                g_pfnVectors
                0x00000000                __Vectors
                0x00000130                . = ALIGN (0x4)
                0x00000130                __section_table_start = .
                0x00000130                __data_section_table = .
                0x00000130        0x4 LONG 0x42fc LOADADDR (.data)
                0x00000134        0x4 LONG 0x20000000 ADDR (.data)
                0x00000138        0x4 LONG 0xc SIZEOF (.data)
                0x0000013c        0x4 LONG 0x42fc LOADADDR (.data_RAM2)
                0x00000140        0x4 LONG 0x4000000 ADDR (.data_RAM2)
                0x00000144        0x4 LONG 0x0 SIZEOF (.data_RAM2)
                0x00000148        0x4 LONG 0x42fc LOADADDR (.data_RAM3)
                0x0000014c        0x4 LONG 0x40100000 ADDR (.data_RAM3)
                0x00000150        0x4 LONG 0x0 SIZEOF (.data_RAM3)
                0x00000154        0x4 LONG 0x42fc LOADADDR (.data_RAM4)
                0x00000158        0x4 LONG 0x20040000 ADDR (.data_RAM4)
                0x0000015c        0x4 LONG 0x0 SIZEOF (.data_RAM4)
                0x00000160                __data_section_table_end = .
                0x00000160                __bss_section_table = .
                0x00000160        0x4 LONG 0x2000000c ADDR (.bss)
                0x00000164        0x4 LONG 0x1d4 SIZEOF (.bss)
                0x00000168        0x4 LONG 0x4000000 ADDR (.bss_RAM2)
                0x0000016c        0x4 LONG 0x0 SIZEOF (.bss_RAM2)
                0x00000170        0x4 LONG 0x40100000 ADDR (.bss_RAM3)
                0x00000174        0x4 LONG 0x0 SIZEOF (.bss_RAM3)
                0x00000178        0x4 LONG 0x20040000 ADDR (.bss_RAM4)
                0x0000017c        0x4 LONG 0x0 SIZEOF (.bss_RAM4)
                0x00000180                __bss_section_table_end = .
                0x00000180                __section_table_end = .
 *(SORT_BY_ALIGNMENT(.after_vectors*))
 .after_vectors.reset
                0x00000180       0x4c ./startup/startup_lpc55s69_cm33_core0.o
                0x00000180                ResetISR
 .after_vectors.init_data
                0x000001cc       0x1e ./startup/startup_lpc55s69_cm33_core0.o
                0x000001cc                data_init
 .after_vectors.init_bss
                0x000001ea       0x12 ./startup/startup_lpc55s69_cm33_core0.o
                0x000001ea                bss_init
 .after_vectors
                0x000001fc       0x16 ./startup/startup_lpc55s69_cm33_core0.o
                0x000001fc                NMI_Handler
                0x00000200                MemManage_Handler
                0x00000202                BusFault_Handler
                0x00000204                UsageFault_Handler
                0x00000206                SecureFault_Handler
                0x00000208                SVC_Handler
                0x0000020a                DebugMon_Handler
                0x0000020c                PendSV_Handler
                0x0000020e                SysTick_Handler
                0x00000210                CTIMER2_DriverIRQHandler
                0x00000210                Reserved56_DriverIRQHandler
                0x00000210                IntDefaultHandler
                0x00000210                USB0_DriverIRQHandler
                0x00000210                CASER_DriverIRQHandler
                0x00000210                MRT0_DriverIRQHandler
                0x00000210                UTICK0_DriverIRQHandler
                0x00000210                Reserved41_DriverIRQHandler
                0x00000210                CTIMER4_DriverIRQHandler
                0x00000210                GINT1_DriverIRQHandler
                0x00000210                Reserved55_DriverIRQHandler
                0x00000210                HASHCRYPT_DriverIRQHandler
                0x00000210                USB0_NEEDCLK_DriverIRQHandler
                0x00000210                SEC_VIO_DriverIRQHandler
                0x00000210                CTIMER1_DriverIRQHandler
                0x00000210                Reserved42_DriverIRQHandler
                0x00000210                PQ_DriverIRQHandler
                0x00000210                MAILBOX_DriverIRQHandler
                0x00000210                CTIMER3_DriverIRQHandler
                0x00000210                Reserved61_DriverIRQHandler
                0x00000210                PUF_DriverIRQHandler
                0x00000210                RTC_DriverIRQHandler
                0x00000210                DMA0_DriverIRQHandler
                0x00000210                Reserved39_DriverIRQHandler
                0x00000210                USB1_DriverIRQHandler
                0x00000210                Reserved60_DriverIRQHandler
                0x00000210                DMA1_DriverIRQHandler
                0x00000210                ADC0_DriverIRQHandler
                0x00000210                USB1_NEEDCLK_DriverIRQHandler
                0x00000210                Reserved59_DriverIRQHandler
                0x00000210                SDIO_DriverIRQHandler
                0x00000210                GINT0_DriverIRQHandler
                0x00000210                USB1_PHY_DriverIRQHandler
                0x00000210                ACMP_DriverIRQHandler
                0x00000210                Reserved57_DriverIRQHandler
                0x00000210                CTIMER0_DriverIRQHandler
                0x00000210                Reserved46_DriverIRQHandler
                0x00000210                WDT_BOD_DriverIRQHandler
                0x00000210                SCT0_DriverIRQHandler
                0x00000210                PLU_DriverIRQHandler
                0x00000210                OS_EVENT_DriverIRQHandler
                0x00000210                SEC_HYPERVISOR_CALL_DriverIRQHandler
 *(SORT_BY_ALIGNMENT(.text*))
 *fill*         0x00000212        0x2 ff
 .text.__NVIC_SetPriority
                0x00000214       0x54 ./source/sen_cm33_lab3_i2c.o
 .text.pint_cb  0x00000268       0x2c ./source/sen_cm33_lab3_i2c.o
                0x00000268                pint_cb
 .text.main     0x00000294       0xc0 ./source/sen_cm33_lab3_i2c.o
                0x00000294                main
 .text.POWER_EnablePD
                0x00000354       0x20 ./drivers/fsl_clock.o
 .text.POWER_DisablePD
                0x00000374       0x20 ./drivers/fsl_clock.o
 .text.CLOCK_AttachClk
                0x00000394       0x98 ./drivers/fsl_clock.o
                0x00000394                CLOCK_AttachClk
 .text.CLOCK_SetClkDiv
                0x0000042c       0x5c ./drivers/fsl_clock.o
                0x0000042c                CLOCK_SetClkDiv
 .text.CLOCK_SetupFROClocking
                0x00000488       0x80 ./drivers/fsl_clock.o
                0x00000488                CLOCK_SetupFROClocking
 .text.CLOCK_SetFLASHAccessCyclesForFreq
                0x00000508      0x148 ./drivers/fsl_clock.o
                0x00000508                CLOCK_SetFLASHAccessCyclesForFreq
 .text.CLOCK_SetupExtClocking
                0x00000650       0x50 ./drivers/fsl_clock.o
                0x00000650                CLOCK_SetupExtClocking
 .text.CLOCK_GetFro1MFreq
                0x000006a0       0x28 ./drivers/fsl_clock.o
                0x000006a0                CLOCK_GetFro1MFreq
 .text.CLOCK_GetExtClkFreq
                0x000006c8       0x2c ./drivers/fsl_clock.o
                0x000006c8                CLOCK_GetExtClkFreq
 .text.CLOCK_GetOsc32KFreq
                0x000006f4       0x58 ./drivers/fsl_clock.o
                0x000006f4                CLOCK_GetOsc32KFreq
 .text.CLOCK_GetPLL0InClockRate
                0x0000074c       0x64 ./drivers/fsl_clock.o
                0x0000074c                CLOCK_GetPLL0InClockRate
 .text.CLOCK_SetPLL0Freq
                0x000007b0      0x12c ./drivers/fsl_clock.o
                0x000007b0                CLOCK_SetPLL0Freq
 .text.SDK_DelayAtLeastUs
                0x000008dc       0x94 ./drivers/fsl_common.o
                0x000008dc                SDK_DelayAtLeastUs
 .text.FLEXCOMM_GetInstance
                0x00000970       0x50 ./drivers/fsl_flexcomm.o
                0x00000970                FLEXCOMM_GetInstance
 .text.FLEXCOMM_Init
                0x000009c0       0x50 ./drivers/fsl_flexcomm.o
                0x000009c0                FLEXCOMM_Init
 .text.FLEXCOMM_SetIRQHandler
                0x00000a10       0x44 ./drivers/fsl_flexcomm.o
                0x00000a10                FLEXCOMM_SetIRQHandler
 .text.FLEXCOMM0_DriverIRQHandler
                0x00000a54       0x38 ./drivers/fsl_flexcomm.o
                0x00000a54                FLEXCOMM0_DriverIRQHandler
 .text.FLEXCOMM1_DriverIRQHandler
                0x00000a8c       0x38 ./drivers/fsl_flexcomm.o
                0x00000a8c                FLEXCOMM1_DriverIRQHandler
 .text.FLEXCOMM2_DriverIRQHandler
                0x00000ac4       0x38 ./drivers/fsl_flexcomm.o
                0x00000ac4                FLEXCOMM2_DriverIRQHandler
 .text.FLEXCOMM3_DriverIRQHandler
                0x00000afc       0x38 ./drivers/fsl_flexcomm.o
                0x00000afc                FLEXCOMM3_DriverIRQHandler
 .text.FLEXCOMM4_DriverIRQHandler
                0x00000b34       0x38 ./drivers/fsl_flexcomm.o
                0x00000b34                FLEXCOMM4_DriverIRQHandler
 .text.FLEXCOMM5_DriverIRQHandler
                0x00000b6c       0x38 ./drivers/fsl_flexcomm.o
                0x00000b6c                FLEXCOMM5_DriverIRQHandler
 .text.FLEXCOMM6_DriverIRQHandler
                0x00000ba4       0x38 ./drivers/fsl_flexcomm.o
                0x00000ba4                FLEXCOMM6_DriverIRQHandler
 .text.FLEXCOMM7_DriverIRQHandler
                0x00000bdc       0x38 ./drivers/fsl_flexcomm.o
                0x00000bdc                FLEXCOMM7_DriverIRQHandler
 .text.FLEXCOMM8_DriverIRQHandler
                0x00000c14       0x38 ./drivers/fsl_flexcomm.o
                0x00000c14                FLEXCOMM8_DriverIRQHandler
 .text.__NVIC_EnableIRQ
                0x00000c4c       0x3c ./drivers/fsl_i2c.o
 .text.I2C_GetInstance
                0x00000c88       0x4c ./drivers/fsl_i2c.o
                0x00000c88                I2C_GetInstance
 .text.I2C_MasterSetBaudRate
                0x00000cd4      0x13c ./drivers/fsl_i2c.o
                0x00000cd4                I2C_MasterSetBaudRate
 .text.I2C_MasterTransferCreateHandle
                0x00000e10       0x74 ./drivers/fsl_i2c.o
                0x00000e10                I2C_MasterTransferCreateHandle
 .text.I2C_MasterTransferNonBlocking
                0x00000e84       0x7c ./drivers/fsl_i2c.o
                0x00000e84                I2C_MasterTransferNonBlocking
 .text.I2C_RunTransferStateMachine
                0x00000f00      0x2ec ./drivers/fsl_i2c.o
 .text.__NVIC_EnableIRQ
                0x000011ec       0x3c ./drivers/fsl_pint.o
 .text.__NVIC_ClearPendingIRQ
                0x00001228       0x3c ./drivers/fsl_pint.o
 .text.PINT_Init
                0x00001264       0xd4 ./drivers/fsl_pint.o
                0x00001264                PINT_Init
 .text.PINT_PinInterruptConfig
                0x00001338       0xd0 ./drivers/fsl_pint.o
                0x00001338                PINT_PinInterruptConfig
 .text.PINT_EnableCallbackByIndex
                0x00001408       0x5c ./drivers/fsl_pint.o
                0x00001408                PINT_EnableCallbackByIndex
 .text.SEC_GPIO_INT0_IRQ0_DriverIRQHandler
                0x00001464       0x48 ./drivers/fsl_pint.o
                0x00001464                SEC_GPIO_INT0_IRQ0_DriverIRQHandler
 .text.SEC_GPIO_INT0_IRQ1_DriverIRQHandler
                0x000014ac       0x44 ./drivers/fsl_pint.o
                0x000014ac                SEC_GPIO_INT0_IRQ1_DriverIRQHandler
 .text.PIN_INT0_DriverIRQHandler
                0x000014f0       0x48 ./drivers/fsl_pint.o
                0x000014f0                PIN_INT0_DriverIRQHandler
 .text.PIN_INT1_DriverIRQHandler
                0x00001538       0x48 ./drivers/fsl_pint.o
                0x00001538                PIN_INT1_DriverIRQHandler
 .text.PIN_INT2_DriverIRQHandler
                0x00001580       0x48 ./drivers/fsl_pint.o
                0x00001580                PIN_INT2_DriverIRQHandler
 .text.PIN_INT3_DriverIRQHandler
                0x000015c8       0x48 ./drivers/fsl_pint.o
                0x000015c8                PIN_INT3_DriverIRQHandler
 .text.PIN_INT4_DriverIRQHandler
                0x00001610       0x48 ./drivers/fsl_pint.o
                0x00001610                PIN_INT4_DriverIRQHandler
 .text.PIN_INT5_DriverIRQHandler
                0x00001658       0x48 ./drivers/fsl_pint.o
                0x00001658                PIN_INT5_DriverIRQHandler
 .text.PIN_INT6_DriverIRQHandler
                0x000016a0       0x48 ./drivers/fsl_pint.o
                0x000016a0                PIN_INT6_DriverIRQHandler
 .text.PIN_INT7_DriverIRQHandler
                0x000016e8       0x48 ./drivers/fsl_pint.o
                0x000016e8                PIN_INT7_DriverIRQHandler
 .text.RESET_SetPeripheralReset
                0x00001730       0x5c ./drivers/fsl_reset.o
                0x00001730                RESET_SetPeripheralReset
 .text.RESET_ClearPeripheralReset
                0x0000178c       0x60 ./drivers/fsl_reset.o
                0x0000178c                RESET_ClearPeripheralReset
 .text.SystemInit
                0x000017ec       0x64 ./device/system_LPC55S69_cm33_core0.o
                0x000017ec                SystemInit
 .text.i2c_callback
                0x00001850       0x24 ./component/mma8652fc.o
 .text.mma8652_init
                0x00001874      0x174 ./component/mma8652fc.o
                0x00001874                mma8652_init
 .text.mma8652_read_xyz
                0x000019e8      0x194 ./component/mma8652fc.o
                0x000019e8                mma8652_read_xyz
 .text.BOARD_InitDebugConsole
                0x00001b7c       0x38 ./board/board.o
                0x00001b7c                BOARD_InitDebugConsole
 .text.POWER_DisablePD
                0x00001bb4       0x20 ./board/clock_config.o
 .text.BOARD_BootClockPLL100M
                0x00001bd4      0x114 ./board/clock_config.o
                0x00001bd4                BOARD_BootClockPLL100M
 .text.FLEXCOMM4_init
                0x00001ce8       0x80 ./board/peripherals.o
 .text.BOARD_InitPins
                0x00001d68       0xa4 ./board/pin_mux.o
                0x00001d68                BOARD_InitPins
 .text.lowpower_set_system_voltage
                0x00001e0c       0xa0 F:\Enib\ProjetCM33\E3\sen_cm33_lab3_i2c\libs\libpower_hardabi.a(fsl_power_lib.o)
 .text.lowpower_set_voltage_for_process
                0x00001eac       0x84 F:\Enib\ProjetCM33\E3\sen_cm33_lab3_i2c\libs\libpower_hardabi.a(fsl_power_lib.o)
 .text.POWER_SetVoltageForFreq
                0x00001f30       0x84 F:\Enib\ProjetCM33\E3\sen_cm33_lab3_i2c\libs\libpower_hardabi.a(fsl_power_lib.o)
                0x00001f30                POWER_SetVoltageForFreq
 .text.__assertion_failed
                0x00001fb4       0x4c f:/nxp/mcuxpressoide_11.8.0_1165/ide/plugins/com.nxp.mcuxpresso.tools.win32_11.8.0.202306131047/tools/bin/../lib/gcc/arm-none-eabi/12.2.1/../../../../arm-none-eabi/lib/thumb/v8-m.main+fp/hard\libcr_semihost_nf.a(_cr_assert.o)
                0x00001fb4                __assertion_failed
 .text.__sys_appexit
                0x00002000        0xc f:/nxp/mcuxpressoide_11.8.0_1165/ide/plugins/com.nxp.mcuxpresso.tools.win32_11.8.0.202306131047/tools/bin/../lib/gcc/arm-none-eabi/12.2.1/../../../../arm-none-eabi/lib/thumb/v8-m.main+fp/hard\libcr_semihost_nf.a(__sys_appexit.o)
                0x00002000                __sys_appexit
                0x00002000                __exit
 .text._Cwritebuf
                0x0000200c       0x6c f:/nxp/mcuxpressoide_11.8.0_1165/ide/plugins/com.nxp.mcuxpresso.tools.win32_11.8.0.202306131047/tools/bin/../lib/gcc/arm-none-eabi/12.2.1/../../../../arm-none-eabi/lib/thumb/v8-m.main+fp/hard\libcr_c.a(_writebuf.o)
                0x0000200c                _Cwritebuf
 .text.malloc   0x00002078       0xe8 f:/nxp/mcuxpressoide_11.8.0_1165/ide/plugins/com.nxp.mcuxpresso.tools.win32_11.8.0.202306131047/tools/bin/../lib/gcc/arm-none-eabi/12.2.1/../../../../arm-none-eabi/lib/thumb/v8-m.main+fp/hard\libcr_c.a(alloc.o)
                0x00002078                malloc
 .text._Csys_alloc
                0x00002160       0x20 f:/nxp/mcuxpressoide_11.8.0_1165/ide/plugins/com.nxp.mcuxpresso.tools.win32_11.8.0.202306131047/tools/bin/../lib/gcc/arm-none-eabi/12.2.1/../../../../arm-none-eabi/lib/thumb/v8-m.main+fp/hard\libcr_c.a(alloc.o)
                0x00002160                _Csys_alloc
 .text.fseek    0x00002180       0xf8 f:/nxp/mcuxpressoide_11.8.0_1165/ide/plugins/com.nxp.mcuxpresso.tools.win32_11.8.0.202306131047/tools/bin/../lib/gcc/arm-none-eabi/12.2.1/../../../../arm-none-eabi/lib/thumb/v8-m.main+fp/hard\libcr_c.a(fseek.o)
                0x00002180                fseek
 .text.ftell    0x00002278       0x44 f:/nxp/mcuxpressoide_11.8.0_1165/ide/plugins/com.nxp.mcuxpresso.tools.win32_11.8.0.202306131047/tools/bin/../lib/gcc/arm-none-eabi/12.2.1/../../../../arm-none-eabi/lib/thumb/v8-m.main+fp/hard\libcr_c.a(ftell.o)
                0x00002278                ftell
 .text._initio  0x000022bc       0x78 f:/nxp/mcuxpressoide_11.8.0_1165/ide/plugins/com.nxp.mcuxpresso.tools.win32_11.8.0.202306131047/tools/bin/../lib/gcc/arm-none-eabi/12.2.1/../../../../arm-none-eabi/lib/thumb/v8-m.main+fp/hard\libcr_c.a(initio.o)
                0x000022bc                _initio
 .text.__vfprintf
                0x00002334      0xb78 f:/nxp/mcuxpressoide_11.8.0_1165/ide/plugins/com.nxp.mcuxpresso.tools.win32_11.8.0.202306131047/tools/bin/../lib/gcc/arm-none-eabi/12.2.1/../../../../arm-none-eabi/lib/thumb/v8-m.main+fp/hard\libcr_c.a(printf.o)
                0x00002334                __vfprintf
 .text._vsnprintf
                0x00002eac       0x68 f:/nxp/mcuxpressoide_11.8.0_1165/ide/plugins/com.nxp.mcuxpresso.tools.win32_11.8.0.202306131047/tools/bin/../lib/gcc/arm-none-eabi/12.2.1/../../../../arm-none-eabi/lib/thumb/v8-m.main+fp/hard\libcr_c.a(printf.o)
                0x00002eac                _vsnprintf
 .text._printf  0x00002f14       0x54 f:/nxp/mcuxpressoide_11.8.0_1165/ide/plugins/com.nxp.mcuxpresso.tools.win32_11.8.0.202306131047/tools/bin/../lib/gcc/arm-none-eabi/12.2.1/../../../../arm-none-eabi/lib/thumb/v8-m.main+fp/hard\libcr_c.a(printf.o)
                0x00002f14                _printf
 .text._sbrk    0x00002f68       0x3c f:/nxp/mcuxpressoide_11.8.0_1165/ide/plugins/com.nxp.mcuxpresso.tools.win32_11.8.0.202306131047/tools/bin/../lib/gcc/arm-none-eabi/12.2.1/../../../../arm-none-eabi/lib/thumb/v8-m.main+fp/hard\libcr_c.a(_cr_sbrk.o)
                0x00002f68                _sbrk
 .text.fflush   0x00002fa4       0x3c f:/nxp/mcuxpressoide_11.8.0_1165/ide/plugins/com.nxp.mcuxpresso.tools.win32_11.8.0.202306131047/tools/bin/../lib/gcc/arm-none-eabi/12.2.1/../../../../arm-none-eabi/lib/thumb/v8-m.main+fp/hard\libcr_c.a(fflush.o)
                0x00002fa4                fflush
 .text.__check_heap_overflow
                0x00002fe0       0x18 f:/nxp/mcuxpressoide_11.8.0_1165/ide/plugins/com.nxp.mcuxpresso.tools.win32_11.8.0.202306131047/tools/bin/../lib/gcc/arm-none-eabi/12.2.1/../../../../arm-none-eabi/lib/thumb/v8-m.main+fp/hard\libcr_c.a(_cr_check_heap.o)
                0x00002fe0                __check_heap_overflow
 .text.WDT_BOD_IRQHandler
                0x00002ff8        0x8 ./startup/startup_lpc55s69_cm33_core0.o
                0x00002ff8                WDT_BOD_IRQHandler
 .text.DMA0_IRQHandler
                0x00003000        0x8 ./startup/startup_lpc55s69_cm33_core0.o
                0x00003000                DMA0_IRQHandler
 .text.GINT0_IRQHandler
                0x00003008        0x8 ./startup/startup_lpc55s69_cm33_core0.o
                0x00003008                GINT0_IRQHandler
 .text.GINT1_IRQHandler
                0x00003010        0x8 ./startup/startup_lpc55s69_cm33_core0.o
                0x00003010                GINT1_IRQHandler
 .text.PIN_INT0_IRQHandler
                0x00003018        0x8 ./startup/startup_lpc55s69_cm33_core0.o
                0x00003018                PIN_INT0_IRQHandler
 .text.PIN_INT1_IRQHandler
                0x00003020        0x8 ./startup/startup_lpc55s69_cm33_core0.o
                0x00003020                PIN_INT1_IRQHandler
 .text.PIN_INT2_IRQHandler
                0x00003028        0x8 ./startup/startup_lpc55s69_cm33_core0.o
                0x00003028                PIN_INT2_IRQHandler
 .text.PIN_INT3_IRQHandler
                0x00003030        0x8 ./startup/startup_lpc55s69_cm33_core0.o
                0x00003030                PIN_INT3_IRQHandler
 .text.UTICK0_IRQHandler
                0x00003038        0x8 ./startup/startup_lpc55s69_cm33_core0.o
                0x00003038                UTICK0_IRQHandler
 .text.MRT0_IRQHandler
                0x00003040        0x8 ./startup/startup_lpc55s69_cm33_core0.o
                0x00003040                MRT0_IRQHandler
 .text.CTIMER0_IRQHandler
                0x00003048        0x8 ./startup/startup_lpc55s69_cm33_core0.o
                0x00003048                CTIMER0_IRQHandler
 .text.CTIMER1_IRQHandler
                0x00003050        0x8 ./startup/startup_lpc55s69_cm33_core0.o
                0x00003050                CTIMER1_IRQHandler
 .text.SCT0_IRQHandler
                0x00003058        0x8 ./startup/startup_lpc55s69_cm33_core0.o
                0x00003058                SCT0_IRQHandler
 .text.CTIMER3_IRQHandler
                0x00003060        0x8 ./startup/startup_lpc55s69_cm33_core0.o
                0x00003060                CTIMER3_IRQHandler
 .text.FLEXCOMM0_IRQHandler
                0x00003068        0x8 ./startup/startup_lpc55s69_cm33_core0.o
                0x00003068                FLEXCOMM0_IRQHandler
 .text.FLEXCOMM1_IRQHandler
                0x00003070        0x8 ./startup/startup_lpc55s69_cm33_core0.o
                0x00003070                FLEXCOMM1_IRQHandler
 .text.FLEXCOMM2_IRQHandler
                0x00003078        0x8 ./startup/startup_lpc55s69_cm33_core0.o
                0x00003078                FLEXCOMM2_IRQHandler
 .text.FLEXCOMM3_IRQHandler
                0x00003080        0x8 ./startup/startup_lpc55s69_cm33_core0.o
                0x00003080                FLEXCOMM3_IRQHandler
 .text.FLEXCOMM4_IRQHandler
                0x00003088        0x8 ./startup/startup_lpc55s69_cm33_core0.o
                0x00003088                FLEXCOMM4_IRQHandler
 .text.FLEXCOMM5_IRQHandler
                0x00003090        0x8 ./startup/startup_lpc55s69_cm33_core0.o
                0x00003090                FLEXCOMM5_IRQHandler
 .text.FLEXCOMM6_IRQHandler
                0x00003098        0x8 ./startup/startup_lpc55s69_cm33_core0.o
                0x00003098                FLEXCOMM6_IRQHandler
 .text.FLEXCOMM7_IRQHandler
                0x000030a0        0x8 ./startup/startup_lpc55s69_cm33_core0.o
                0x000030a0                FLEXCOMM7_IRQHandler
 .text.ADC0_IRQHandler
                0x000030a8        0x8 ./startup/startup_lpc55s69_cm33_core0.o
                0x000030a8                ADC0_IRQHandler
 .text.Reserved39_IRQHandler
                0x000030b0        0x8 ./startup/startup_lpc55s69_cm33_core0.o
                0x000030b0                Reserved39_IRQHandler
 .text.ACMP_IRQHandler
                0x000030b8        0x8 ./startup/startup_lpc55s69_cm33_core0.o
                0x000030b8                ACMP_IRQHandler
 .text.Reserved41_IRQHandler
                0x000030c0        0x8 ./startup/startup_lpc55s69_cm33_core0.o
                0x000030c0                Reserved41_IRQHandler
 .text.Reserved42_IRQHandler
                0x000030c8        0x8 ./startup/startup_lpc55s69_cm33_core0.o
                0x000030c8                Reserved42_IRQHandler
 .text.USB0_NEEDCLK_IRQHandler
                0x000030d0        0x8 ./startup/startup_lpc55s69_cm33_core0.o
                0x000030d0                USB0_NEEDCLK_IRQHandler
 .text.USB0_IRQHandler
                0x000030d8        0x8 ./startup/startup_lpc55s69_cm33_core0.o
                0x000030d8                USB0_IRQHandler
 .text.RTC_IRQHandler
                0x000030e0        0x8 ./startup/startup_lpc55s69_cm33_core0.o
                0x000030e0                RTC_IRQHandler
 .text.Reserved46_IRQHandler
                0x000030e8        0x8 ./startup/startup_lpc55s69_cm33_core0.o
                0x000030e8                Reserved46_IRQHandler
 .text.MAILBOX_IRQHandler
                0x000030f0        0x8 ./startup/startup_lpc55s69_cm33_core0.o
                0x000030f0                MAILBOX_IRQHandler
 .text.PIN_INT4_IRQHandler
                0x000030f8        0x8 ./startup/startup_lpc55s69_cm33_core0.o
                0x000030f8                PIN_INT4_IRQHandler
 .text.PIN_INT5_IRQHandler
                0x00003100        0x8 ./startup/startup_lpc55s69_cm33_core0.o
                0x00003100                PIN_INT5_IRQHandler
 .text.PIN_INT6_IRQHandler
                0x00003108        0x8 ./startup/startup_lpc55s69_cm33_core0.o
                0x00003108                PIN_INT6_IRQHandler
 .text.PIN_INT7_IRQHandler
                0x00003110        0x8 ./startup/startup_lpc55s69_cm33_core0.o
                0x00003110                PIN_INT7_IRQHandler
 .text.CTIMER2_IRQHandler
                0x00003118        0x8 ./startup/startup_lpc55s69_cm33_core0.o
                0x00003118                CTIMER2_IRQHandler
 .text.CTIMER4_IRQHandler
                0x00003120        0x8 ./startup/startup_lpc55s69_cm33_core0.o
                0x00003120                CTIMER4_IRQHandler
 .text.OS_EVENT_IRQHandler
                0x00003128        0x8 ./startup/startup_lpc55s69_cm33_core0.o
                0x00003128                OS_EVENT_IRQHandler
 .text.Reserved55_IRQHandler
                0x00003130        0x8 ./startup/startup_lpc55s69_cm33_core0.o
                0x00003130                Reserved55_IRQHandler
 .text.Reserved56_IRQHandler
                0x00003138        0x8 ./startup/startup_lpc55s69_cm33_core0.o
                0x00003138                Reserved56_IRQHandler
 .text.Reserved57_IRQHandler
                0x00003140        0x8 ./startup/startup_lpc55s69_cm33_core0.o
                0x00003140                Reserved57_IRQHandler
 .text.SDIO_IRQHandler
                0x00003148        0x8 ./startup/startup_lpc55s69_cm33_core0.o
                0x00003148                SDIO_IRQHandler
 .text.Reserved59_IRQHandler
                0x00003150        0x8 ./startup/startup_lpc55s69_cm33_core0.o
                0x00003150                Reserved59_IRQHandler
 .text.Reserved60_IRQHandler
                0x00003158        0x8 ./startup/startup_lpc55s69_cm33_core0.o
                0x00003158                Reserved60_IRQHandler
 .text.Reserved61_IRQHandler
                0x00003160        0x8 ./startup/startup_lpc55s69_cm33_core0.o
                0x00003160                Reserved61_IRQHandler
 .text.USB1_PHY_IRQHandler
                0x00003168        0x8 ./startup/startup_lpc55s69_cm33_core0.o
                0x00003168                USB1_PHY_IRQHandler
 .text.USB1_IRQHandler
                0x00003170        0x8 ./startup/startup_lpc55s69_cm33_core0.o
                0x00003170                USB1_IRQHandler
 .text.USB1_NEEDCLK_IRQHandler
                0x00003178        0x8 ./startup/startup_lpc55s69_cm33_core0.o
                0x00003178                USB1_NEEDCLK_IRQHandler
 .text.SEC_HYPERVISOR_CALL_IRQHandler
                0x00003180        0x8 ./startup/startup_lpc55s69_cm33_core0.o
                0x00003180                SEC_HYPERVISOR_CALL_IRQHandler
 .text.SEC_GPIO_INT0_IRQ0_IRQHandler
                0x00003188        0x8 ./startup/startup_lpc55s69_cm33_core0.o
                0x00003188                SEC_GPIO_INT0_IRQ0_IRQHandler
 .text.SEC_GPIO_INT0_IRQ1_IRQHandler
                0x00003190        0x8 ./startup/startup_lpc55s69_cm33_core0.o
                0x00003190                SEC_GPIO_INT0_IRQ1_IRQHandler
 .text.PLU_IRQHandler
                0x00003198        0x8 ./startup/startup_lpc55s69_cm33_core0.o
                0x00003198                PLU_IRQHandler
 .text.SEC_VIO_IRQHandler
                0x000031a0        0x8 ./startup/startup_lpc55s69_cm33_core0.o
                0x000031a0                SEC_VIO_IRQHandler
 .text.HASHCRYPT_IRQHandler
                0x000031a8        0x8 ./startup/startup_lpc55s69_cm33_core0.o
                0x000031a8                HASHCRYPT_IRQHandler
 .text.CASER_IRQHandler
                0x000031b0        0x8 ./startup/startup_lpc55s69_cm33_core0.o
                0x000031b0                CASER_IRQHandler
 .text.PUF_IRQHandler
                0x000031b8        0x8 ./startup/startup_lpc55s69_cm33_core0.o
                0x000031b8                PUF_IRQHandler
 .text.PQ_IRQHandler
                0x000031c0        0x8 ./startup/startup_lpc55s69_cm33_core0.o
                0x000031c0                PQ_IRQHandler
 .text.DMA1_IRQHandler
                0x000031c8        0x8 ./startup/startup_lpc55s69_cm33_core0.o
                0x000031c8                DMA1_IRQHandler
 .text.FLEXCOMM8_IRQHandler
                0x000031d0        0x8 ./startup/startup_lpc55s69_cm33_core0.o
                0x000031d0                FLEXCOMM8_IRQHandler
 .text.HardFault_Handler
                0x000031d8       0x2c ./source/semihost_hardfault.o
                0x000031d8                HardFault_Handler
 .text.CLOCK_IsPLL0Locked
                0x00003204       0x24 ./drivers/fsl_clock.o
 .text.findPll0PreDiv
                0x00003228       0x3e ./drivers/fsl_clock.o
 .text.DelayLoop
                0x00003266       0x20 ./drivers/fsl_common.o
 .text.CLOCK_EnableClock
                0x00003286       0x30 ./drivers/fsl_flexcomm.o
 .text.FLEXCOMM_PeripheralIsPresent
                0x000032b6       0x64 ./drivers/fsl_flexcomm.o
 .text.FLEXCOMM_SetPeriph
                0x0000331a       0x74 ./drivers/fsl_flexcomm.o
 .text.EnableIRQ
                0x0000338e       0x2c ./drivers/fsl_i2c.o
 .text.I2C_MasterEnable
                0x000033ba       0x44 ./drivers/fsl_i2c.o
 .text.I2C_GetStatusFlags
                0x000033fe       0x1a ./drivers/fsl_i2c.o
 .text.I2C_MasterClearStatusFlags
                0x00003418       0x22 ./drivers/fsl_i2c.o
 .text.I2C_EnableInterrupts
                0x0000343a       0x1e ./drivers/fsl_i2c.o
 .text.I2C_DisableInterrupts
                0x00003458       0x1e ./drivers/fsl_i2c.o
 .text.I2C_MasterInit
                0x00003476       0x36 ./drivers/fsl_i2c.o
                0x00003476                I2C_MasterInit
 .text.I2C_InitTransferStateMachine
                0x000034ac       0xe8 ./drivers/fsl_i2c.o
 .text.I2C_MasterTransferHandleIRQ
                0x00003594       0x5c ./drivers/fsl_i2c.o
                0x00003594                I2C_MasterTransferHandleIRQ
 .text.INPUTMUX_AttachSignal
                0x000035f0       0x38 ./drivers/fsl_inputmux.o
                0x000035f0                INPUTMUX_AttachSignal
 .text.CLOCK_EnableClock
                0x00003628       0x30 ./drivers/fsl_pint.o
 .text.EnableIRQ
                0x00003658       0x2c ./drivers/fsl_pint.o
 .text.PINT_PinInterruptClrFallFlag
                0x00003684       0x22 ./drivers/fsl_pint.o
 .text.PINT_PinInterruptClrRiseFlag
                0x000036a6       0x22 ./drivers/fsl_pint.o
 .text.PINT_PatternMatchResetDetectLogic
                0x000036c8       0x34 ./drivers/fsl_pint.o
                0x000036c8                PINT_PatternMatchResetDetectLogic
 .text.PINT_PinInterruptClrStatus
                0x000036fc       0x4e ./drivers/fsl_pint.o
                0x000036fc                PINT_PinInterruptClrStatus
 .text.RESET_PeripheralReset
                0x0000374a       0x1c ./drivers/fsl_reset.o
                0x0000374a                RESET_PeripheralReset
 .text.SystemInitHook
                0x00003766        0xe ./device/system_LPC55S69_cm33_core0.o
                0x00003766                SystemInitHook
 .text.DbgConsole_Init
                0x00003774       0x20 ./board/board.o
 .text.BOARD_InitBootClocks
                0x00003794        0xc ./board/clock_config.o
                0x00003794                BOARD_InitBootClocks
 .text.BOARD_InitPeripherals
                0x000037a0        0xc ./board/peripherals.o
                0x000037a0                BOARD_InitPeripherals
 .text.BOARD_InitBootPeripherals
                0x000037ac        0xc ./board/peripherals.o
                0x000037ac                BOARD_InitBootPeripherals
 .text.CLOCK_EnableClock
                0x000037b8       0x30 ./board/pin_mux.o
 .text.IOCON_PinMuxSet
                0x000037e8       0x2e ./board/pin_mux.o
 .text.BOARD_InitBootPins
                0x00003816        0xc ./board/pin_mux.o
                0x00003816                BOARD_InitBootPins
 .text.__main   0x00003822        0xe f:/nxp/mcuxpressoide_11.8.0_1165/ide/plugins/com.nxp.mcuxpresso.tools.win32_11.8.0.202306131047/tools/bin/../lib/gcc/arm-none-eabi/12.2.1/../../../../arm-none-eabi/lib/thumb/v8-m.main+fp/hard\libcr_semihost_nf.a(_cr__main.o)
                0x00003822                __CR_SEMIHOST
                0x00003822                __main
 .text.memset   0x00003830        0x4 f:/nxp/mcuxpressoide_11.8.0_1165/ide/plugins/com.nxp.mcuxpresso.tools.win32_11.8.0.202306131047/tools/bin/../lib/gcc/arm-none-eabi/12.2.1/../../../../arm-none-eabi/lib/thumb/v8-m.main+fp/hard\libcr_c.a(memset.o)
                0x00003830                memset
 .text._deferredlazyseek
                0x00003834       0x40 f:/nxp/mcuxpressoide_11.8.0_1165/ide/plugins/com.nxp.mcuxpresso.tools.win32_11.8.0.202306131047/tools/bin/../lib/gcc/arm-none-eabi/12.2.1/../../../../arm-none-eabi/lib/thumb/v8-m.main+fp/hard\libcr_c.a(_deferredlazyseek.o)
                0x00003834                _deferredlazyseek
 .text.__flsbuf
                0x00003874      0x140 f:/nxp/mcuxpressoide_11.8.0_1165/ide/plugins/com.nxp.mcuxpresso.tools.win32_11.8.0.202306131047/tools/bin/../lib/gcc/arm-none-eabi/12.2.1/../../../../arm-none-eabi/lib/thumb/v8-m.main+fp/hard\libcr_c.a(_deferredlazyseek.o)
                0x00003874                __flsbuf
 .text._fflush  0x000039b4       0x52 f:/nxp/mcuxpressoide_11.8.0_1165/ide/plugins/com.nxp.mcuxpresso.tools.win32_11.8.0.202306131047/tools/bin/../lib/gcc/arm-none-eabi/12.2.1/../../../../arm-none-eabi/lib/thumb/v8-m.main+fp/hard\libcr_c.a(_fflush.o)
                0x000039b4                _fflush
 .text.free     0x00003a06       0x30 f:/nxp/mcuxpressoide_11.8.0_1165/ide/plugins/com.nxp.mcuxpresso.tools.win32_11.8.0.202306131047/tools/bin/../lib/gcc/arm-none-eabi/12.2.1/../../../../arm-none-eabi/lib/thumb/v8-m.main+fp/hard\libcr_c.a(alloc.o)
                0x00003a06                free
 .text.fputs    0x00003a36       0x2c f:/nxp/mcuxpressoide_11.8.0_1165/ide/plugins/com.nxp.mcuxpresso.tools.win32_11.8.0.202306131047/tools/bin/../lib/gcc/arm-none-eabi/12.2.1/../../../../arm-none-eabi/lib/thumb/v8-m.main+fp/hard\libcr_c.a(fputs.o)
                0x00003a36                fputs
 .text.no_fp_display
                0x00003a62        0x4 f:/nxp/mcuxpressoide_11.8.0_1165/ide/plugins/com.nxp.mcuxpresso.tools.win32_11.8.0.202306131047/tools/bin/../lib/gcc/arm-none-eabi/12.2.1/../../../../arm-none-eabi/lib/thumb/v8-m.main+fp/hard\libcr_c.a(printf.o)
 .text.setvbuf  0x00003a66       0x3e f:/nxp/mcuxpressoide_11.8.0_1165/ide/plugins/com.nxp.mcuxpresso.tools.win32_11.8.0.202306131047/tools/bin/../lib/gcc/arm-none-eabi/12.2.1/../../../../arm-none-eabi/lib/thumb/v8-m.main+fp/hard\libcr_c.a(setvbuf.o)
                0x00003a66                setvbuf
 .text.strlen   0x00003aa4       0x4e f:/nxp/mcuxpressoide_11.8.0_1165/ide/plugins/com.nxp.mcuxpresso.tools.win32_11.8.0.202306131047/tools/bin/../lib/gcc/arm-none-eabi/12.2.1/../../../../arm-none-eabi/lib/thumb/v8-m.main+fp/hard\libcr_c.a(strlen.o)
                0x00003aa4                strlen
 .text._fdopen  0x00003af2       0x68 f:/nxp/mcuxpressoide_11.8.0_1165/ide/plugins/com.nxp.mcuxpresso.tools.win32_11.8.0.202306131047/tools/bin/../lib/gcc/arm-none-eabi/12.2.1/../../../../arm-none-eabi/lib/thumb/v8-m.main+fp/hard\libcr_c.a(_fdopen.o)
                0x00003af2                _fdopen
 .text.fclose   0x00003b5a       0x58 f:/nxp/mcuxpressoide_11.8.0_1165/ide/plugins/com.nxp.mcuxpresso.tools.win32_11.8.0.202306131047/tools/bin/../lib/gcc/arm-none-eabi/12.2.1/../../../../arm-none-eabi/lib/thumb/v8-m.main+fp/hard\libcr_c.a(fclose.o)
                0x00003b5a                fclose
 .text.remove   0x00003bb2       0x14 f:/nxp/mcuxpressoide_11.8.0_1165/ide/plugins/com.nxp.mcuxpresso.tools.win32_11.8.0.202306131047/tools/bin/../lib/gcc/arm-none-eabi/12.2.1/../../../../arm-none-eabi/lib/thumb/v8-m.main+fp/hard\libcr_c.a(remove.o)
                0x00003bb2                remove
 .text._do_fflush
                0x00003bc6       0x40 f:/nxp/mcuxpressoide_11.8.0_1165/ide/plugins/com.nxp.mcuxpresso.tools.win32_11.8.0.202306131047/tools/bin/../lib/gcc/arm-none-eabi/12.2.1/../../../../arm-none-eabi/lib/thumb/v8-m.main+fp/hard\libcr_c.a(_do_fflush.o)
                0x00003bc6                _do_fflush
 .text.__aeabi_division_uldivmod
                0x00003c06      0x174 f:/nxp/mcuxpressoide_11.8.0_1165/ide/plugins/com.nxp.mcuxpresso.tools.win32_11.8.0.202306131047/tools/bin/../lib/gcc/arm-none-eabi/12.2.1/thumb/v8-m.main+fp/hard\libcr_eabihelpers.a(division_64.o)
                0x00003c06                __aeabi_uldivmod
                0x00003c0a                __bhs_ldivmod1
 .text.__aeabi_division_idiv0
                0x00003d7a        0x2 f:/nxp/mcuxpressoide_11.8.0_1165/ide/plugins/com.nxp.mcuxpresso.tools.win32_11.8.0.202306131047/tools/bin/../lib/gcc/arm-none-eabi/12.2.1/thumb/v8-m.main+fp/hard\libcr_eabihelpers.a(division_idiv0.o)
                0x00003d7a                __aeabi_idiv0
 .text.__aeabi_memset_lowlevel
                0x00003d7c       0x32 f:/nxp/mcuxpressoide_11.8.0_1165/ide/plugins/com.nxp.mcuxpresso.tools.win32_11.8.0.202306131047/tools/bin/../lib/gcc/arm-none-eabi/12.2.1/thumb/v8-m.main+fp/hard\libcr_eabihelpers.a(memcpy.o)
                0x00003d7c                __aeabi_lowlevel_memset
 .text.__sys_close
                0x00003dae        0xc f:/nxp/mcuxpressoide_11.8.0_1165/ide/plugins/com.nxp.mcuxpresso.tools.win32_11.8.0.202306131047/tools/bin/../lib/gcc/arm-none-eabi/12.2.1/../../../../arm-none-eabi/lib/thumb/v8-m.main+fp/hard\libcr_semihost_nf.a(__sys_close.o)
                0x00003dae                __sys_close
 .text.__sys_flen
                0x00003dba        0xc f:/nxp/mcuxpressoide_11.8.0_1165/ide/plugins/com.nxp.mcuxpresso.tools.win32_11.8.0.202306131047/tools/bin/../lib/gcc/arm-none-eabi/12.2.1/../../../../arm-none-eabi/lib/thumb/v8-m.main+fp/hard\libcr_semihost_nf.a(__sys_flen.o)
                0x00003dba                __sys_flen
 .text.__sys_istty
                0x00003dc6        0xc f:/nxp/mcuxpressoide_11.8.0_1165/ide/plugins/com.nxp.mcuxpresso.tools.win32_11.8.0.202306131047/tools/bin/../lib/gcc/arm-none-eabi/12.2.1/../../../../arm-none-eabi/lib/thumb/v8-m.main+fp/hard\libcr_semihost_nf.a(__sys_istty.o)
                0x00003dc6                __sys_istty
 .text.__sys_remove
                0x00003dd2        0xc f:/nxp/mcuxpressoide_11.8.0_1165/ide/plugins/com.nxp.mcuxpresso.tools.win32_11.8.0.202306131047/tools/bin/../lib/gcc/arm-none-eabi/12.2.1/../../../../arm-none-eabi/lib/thumb/v8-m.main+fp/hard\libcr_semihost_nf.a(__sys_remove.o)
                0x00003dd2                __sys_remove
 .text.__sys_seek
                0x00003dde        0xc f:/nxp/mcuxpressoide_11.8.0_1165/ide/plugins/com.nxp.mcuxpresso.tools.win32_11.8.0.202306131047/tools/bin/../lib/gcc/arm-none-eabi/12.2.1/../../../../arm-none-eabi/lib/thumb/v8-m.main+fp/hard\libcr_semihost_nf.a(__sys_seek.o)
                0x00003dde                __sys_seek
 .text.__sys_tmpnam
                0x00003dea        0xc f:/nxp/mcuxpressoide_11.8.0_1165/ide/plugins/com.nxp.mcuxpresso.tools.win32_11.8.0.202306131047/tools/bin/../lib/gcc/arm-none-eabi/12.2.1/../../../../arm-none-eabi/lib/thumb/v8-m.main+fp/hard\libcr_semihost_nf.a(__sys_tmpnam.o)
                0x00003dea                __sys_tmpnam
 .text.__sys_write
                0x00003df6        0xc f:/nxp/mcuxpressoide_11.8.0_1165/ide/plugins/com.nxp.mcuxpresso.tools.win32_11.8.0.202306131047/tools/bin/../lib/gcc/arm-none-eabi/12.2.1/../../../../arm-none-eabi/lib/thumb/v8-m.main+fp/hard\libcr_semihost_nf.a(__sys_write.o)
                0x00003df6                __sys_write
 *(SORT_BY_ALIGNMENT(.rodata) SORT_BY_ALIGNMENT(.rodata.*) SORT_BY_ALIGNMENT(.constdata) SORT_BY_ALIGNMENT(.constdata.*))
 *fill*         0x00003e02        0x2 ff
 .rodata.main.str1.4
                0x00003e04       0x33 ./source/sen_cm33_lab3_i2c.o
 *fill*         0x00003e37        0x1 ff
 .rodata        0x00003e38        0xc ./source/sen_cm33_lab3_i2c.o
 .rodata.SDK_DelayAtLeastUs.str1.4
                0x00003e44       0x4b ./drivers/fsl_common.o
 *fill*         0x00003e8f        0x1 ff
 .rodata.s_flexcommBaseAddrs
                0x00003e90       0x24 ./drivers/fsl_flexcomm.o
 .rodata.s_flexcommClocks
                0x00003eb4       0x12 ./drivers/fsl_flexcomm.o
 *fill*         0x00003ec6        0x2 ff
 .rodata.s_flexcommResets
                0x00003ec8       0x24 ./drivers/fsl_flexcomm.o
 .rodata.FLEXCOMM_GetInstance.str1.4
                0x00003eec       0x38 ./drivers/fsl_flexcomm.o
 .rodata.FLEXCOMM0_DriverIRQHandler.str1.4
                0x00003f24       0x2d ./drivers/fsl_flexcomm.o
 *fill*         0x00003f51        0x3 ff
 .rodata.FLEXCOMM1_DriverIRQHandler.str1.4
                0x00003f54       0x2d ./drivers/fsl_flexcomm.o
 *fill*         0x00003f81        0x3 ff
 .rodata.FLEXCOMM2_DriverIRQHandler.str1.4
                0x00003f84       0x2d ./drivers/fsl_flexcomm.o
 *fill*         0x00003fb1        0x3 ff
 .rodata.FLEXCOMM3_DriverIRQHandler.str1.4
                0x00003fb4       0x2d ./drivers/fsl_flexcomm.o
 *fill*         0x00003fe1        0x3 ff
 .rodata.FLEXCOMM4_DriverIRQHandler.str1.4
                0x00003fe4       0x2d ./drivers/fsl_flexcomm.o
 *fill*         0x00004011        0x3 ff
 .rodata.FLEXCOMM5_DriverIRQHandler.str1.4
                0x00004014       0x2d ./drivers/fsl_flexcomm.o
 *fill*         0x00004041        0x3 ff
 .rodata.FLEXCOMM6_DriverIRQHandler.str1.4
                0x00004044       0x2d ./drivers/fsl_flexcomm.o
 *fill*         0x00004071        0x3 ff
 .rodata.FLEXCOMM7_DriverIRQHandler.str1.4
                0x00004074       0x2d ./drivers/fsl_flexcomm.o
 *fill*         0x000040a1        0x3 ff
 .rodata.FLEXCOMM8_DriverIRQHandler.str1.4
                0x000040a4       0x2d ./drivers/fsl_flexcomm.o
 *fill*         0x000040d1        0x3 ff
 .rodata.s_i2cBaseAddrs
                0x000040d4       0x20 ./drivers/fsl_i2c.o
 .rodata.s_i2cIRQ
                0x000040f4        0x8 ./drivers/fsl_i2c.o
 .rodata.I2C_GetInstance.str1.4
                0x000040fc       0x2d ./drivers/fsl_i2c.o
 *fill*         0x00004129        0x3 ff
 .rodata.I2C_MasterTransferCreateHandle.str1.4
                0x0000412c       0x1f ./drivers/fsl_i2c.o
 *fill*         0x0000414b        0x1 ff
 .rodata.I2C_MasterTransferNonBlocking.str1.4
                0x0000414c       0x81 ./drivers/fsl_i2c.o
 *fill*         0x000041cd        0x3 ff
 .rodata.s_pintIRQ
                0x000041d0        0xa ./drivers/fsl_pint.o
 *fill*         0x000041da        0x2 ff
 .rodata.PINT_Init.str1.4
                0x000041dc       0x1d ./drivers/fsl_pint.o
 *fill*         0x000041f9        0x3 ff
 .rodata.PINT_PinInterruptConfig.str1.4
                0x000041fc       0x1e ./drivers/fsl_pint.o
 *fill*         0x0000421a        0x2 ff
 .rodata.PINT_EnableCallbackByIndex.str1.4
                0x0000421c       0x1e ./drivers/fsl_pint.o
 *fill*         0x0000423a        0x2 ff
 .rodata.RESET_SetPeripheralReset.str1.4
                0x0000423c       0x1e ./drivers/fsl_reset.o
 *fill*         0x0000425a        0x2 ff
 .rodata.RESET_ClearPeripheralReset.str1.4
                0x0000425c       0x1e ./drivers/fsl_reset.o
 *fill*         0x0000427a        0x2 ff
 .rodata        0x0000427c        0x6 ./component/mma8652fc.o
 *fill*         0x00004282        0x2 ff
 .rodata.FLEXCOMM4_config
                0x00004284        0xc ./board/peripherals.o
                0x00004284                FLEXCOMM4_config
 .rodata.__num_Ciob_streams
                0x00004290        0x4 f:/nxp/mcuxpressoide_11.8.0_1165/ide/plugins/com.nxp.mcuxpresso.tools.win32_11.8.0.202306131047/tools/bin/../lib/gcc/arm-none-eabi/12.2.1/../../../../arm-none-eabi/lib/thumb/v8-m.main+fp/hard\libcr_semihost_nf.a(__ciob.o)
                0x00004290                __num_Ciob_streams
 .rodata.__assertion_failed.str1.1
                0x00004294       0x15 f:/nxp/mcuxpressoide_11.8.0_1165/ide/plugins/com.nxp.mcuxpresso.tools.win32_11.8.0.202306131047/tools/bin/../lib/gcc/arm-none-eabi/12.2.1/../../../../arm-none-eabi/lib/thumb/v8-m.main+fp/hard\libcr_semihost_nf.a(_cr_assert.o)
 .rodata._Csys_alloc.str1.1
                0x000042a9       0x18 f:/nxp/mcuxpressoide_11.8.0_1165/ide/plugins/com.nxp.mcuxpresso.tools.win32_11.8.0.202306131047/tools/bin/../lib/gcc/arm-none-eabi/12.2.1/../../../../arm-none-eabi/lib/thumb/v8-m.main+fp/hard\libcr_c.a(alloc.o)
 .rodata._initio.str1.1
                0x000042c1        0x4 f:/nxp/mcuxpressoide_11.8.0_1165/ide/plugins/com.nxp.mcuxpresso.tools.win32_11.8.0.202306131047/tools/bin/../lib/gcc/arm-none-eabi/12.2.1/../../../../arm-none-eabi/lib/thumb/v8-m.main+fp/hard\libcr_c.a(initio.o)
 .rodata.__vfprintf.str1.1
                0x000042c5       0x35 f:/nxp/mcuxpressoide_11.8.0_1165/ide/plugins/com.nxp.mcuxpresso.tools.win32_11.8.0.202306131047/tools/bin/../lib/gcc/arm-none-eabi/12.2.1/../../../../arm-none-eabi/lib/thumb/v8-m.main+fp/hard\libcr_c.a(printf.o)
                                 0x38 (size before relaxing)
                0x000042fc                . = ALIGN (0x4)
 *fill*         0x000042fa        0x2 ff

.glue_7         0x000042fc        0x0
 .glue_7        0x000042fc        0x0 linker stubs

.glue_7t        0x000042fc        0x0
 .glue_7t       0x000042fc        0x0 linker stubs

.vfp11_veneer   0x000042fc        0x0
 .vfp11_veneer  0x000042fc        0x0 linker stubs

.v4_bx          0x000042fc        0x0
 .v4_bx         0x000042fc        0x0 linker stubs

.iplt           0x000042fc        0x0
 .iplt          0x000042fc        0x0 ./startup/startup_lpc55s69_cm33_core0.o

.rel.dyn        0x000042fc        0x0
 .rel.iplt      0x000042fc        0x0 ./startup/startup_lpc55s69_cm33_core0.o

.ARM.extab
 *(SORT_BY_ALIGNMENT(.ARM.extab*) SORT_BY_ALIGNMENT(.gnu.linkonce.armextab.*))

.ARM.exidx      0x000042fc        0x0
                0x000042fc                __exidx_start = .
 *(SORT_BY_ALIGNMENT(.ARM.exidx*) SORT_BY_ALIGNMENT(.gnu.linkonce.armexidx.*))
                0x000042fc                __exidx_end = .
                0x000042fc                _etext = .

.m_usb_data
 *(SORT_BY_ALIGNMENT(m_usb_global))

.data_RAM2      0x04000000        0x0 load address 0x000042fc
 FILL mask 0xff
                [!provide]                PROVIDE (__start_data_RAM2 = .)
                [!provide]                PROVIDE (__start_data_SRAMX = .)
 *(SORT_BY_ALIGNMENT(.ramfunc.$RAM2))
 *(SORT_BY_ALIGNMENT(.ramfunc.$SRAMX))
 *(SORT_BY_ALIGNMENT(.data.$RAM2))
 *(SORT_BY_ALIGNMENT(.data.$SRAMX))
 *(SORT_BY_ALIGNMENT(.data.$RAM2.*))
 *(SORT_BY_ALIGNMENT(.data.$SRAMX.*))
                0x04000000                . = ALIGN (0x4)
                [!provide]                PROVIDE (__end_data_RAM2 = .)
                [!provide]                PROVIDE (__end_data_SRAMX = .)

.data_RAM3      0x40100000        0x0 load address 0x000042fc
 FILL mask 0xff
                [!provide]                PROVIDE (__start_data_RAM3 = .)
                [!provide]                PROVIDE (__start_data_USB_RAM = .)
 *(SORT_BY_ALIGNMENT(.ramfunc.$RAM3))
 *(SORT_BY_ALIGNMENT(.ramfunc.$USB_RAM))
 *(SORT_BY_ALIGNMENT(.data.$RAM3))
 *(SORT_BY_ALIGNMENT(.data.$USB_RAM))
 *(SORT_BY_ALIGNMENT(.data.$RAM3.*))
 *(SORT_BY_ALIGNMENT(.data.$USB_RAM.*))
                0x40100000                . = ALIGN (0x4)
                [!provide]                PROVIDE (__end_data_RAM3 = .)
                [!provide]                PROVIDE (__end_data_USB_RAM = .)

.data_RAM4      0x20040000        0x0 load address 0x000042fc
 FILL mask 0xff
                [!provide]                PROVIDE (__start_data_RAM4 = .)
                [!provide]                PROVIDE (__start_data_SRAM4 = .)
 *(SORT_BY_ALIGNMENT(.ramfunc.$RAM4))
 *(SORT_BY_ALIGNMENT(.ramfunc.$SRAM4))
 *(SORT_BY_ALIGNMENT(.data.$RAM4))
 *(SORT_BY_ALIGNMENT(.data.$SRAM4))
 *(SORT_BY_ALIGNMENT(.data.$RAM4.*))
 *(SORT_BY_ALIGNMENT(.data.$SRAM4.*))
                0x20040000                . = ALIGN (0x4)
                [!provide]                PROVIDE (__end_data_RAM4 = .)
                [!provide]                PROVIDE (__end_data_SRAM4 = .)

.uninit_RESERVED
                0x20000000        0x0
                0x20000000                _start_uninit_RESERVED = .
 *(SORT_BY_ALIGNMENT(.bss.$RESERVED*))
                0x20000000                . = ALIGN (0x4)
                0x20000000                _end_uninit_RESERVED = .

.data           0x20000000        0xc load address 0x000042fc
 FILL mask 0xff
                0x20000000                _data = .
                [!provide]                PROVIDE (__start_data_RAM = .)
                [!provide]                PROVIDE (__start_data_SRAM = .)
 *(SORT_BY_ALIGNMENT(vtable))
 *(SORT_BY_ALIGNMENT(.ramfunc*))
 *(SORT_BY_ALIGNMENT(CodeQuickAccess))
 *(SORT_BY_ALIGNMENT(DataQuickAccess))
 *(SORT_BY_ALIGNMENT(RamFunction))
 *(SORT_BY_ALIGNMENT(.data*))
 .data.cmd      0x20000000        0x4 ./source/sen_cm33_lab3_i2c.o
 .data.s_Ext_Clk_Freq
                0x20000004        0x4 ./drivers/fsl_clock.o
 .data.SystemCoreClock
                0x20000008        0x4 ./device/system_LPC55S69_cm33_core0.o
                0x20000008                SystemCoreClock
                0x2000000c                . = ALIGN (0x4)
                0x2000000c                _edata = .
                [!provide]                PROVIDE (__end_data_RAM = .)
                [!provide]                PROVIDE (__end_data_SRAM = .)

.igot.plt       0x2000000c        0x0 load address 0x00004308
 .igot.plt      0x2000000c        0x0 ./startup/startup_lpc55s69_cm33_core0.o

.bss_RAM2       0x04000000        0x0
                [!provide]                PROVIDE (__start_bss_RAM2 = .)
                [!provide]                PROVIDE (__start_bss_SRAMX = .)
 *(SORT_BY_ALIGNMENT(.bss.$RAM2))
 *(SORT_BY_ALIGNMENT(.bss.$SRAMX))
 *(SORT_BY_ALIGNMENT(.bss.$RAM2.*))
 *(SORT_BY_ALIGNMENT(.bss.$SRAMX.*))
                0x04000000                . = ALIGN ((. != 0x0)?0x4:0x1)
                [!provide]                PROVIDE (__end_bss_RAM2 = .)
                [!provide]                PROVIDE (__end_bss_SRAMX = .)

.bss_RAM3       0x40100000        0x0
                [!provide]                PROVIDE (__start_bss_RAM3 = .)
                [!provide]                PROVIDE (__start_bss_USB_RAM = .)
 *(SORT_BY_ALIGNMENT(.bss.$RAM3))
 *(SORT_BY_ALIGNMENT(.bss.$USB_RAM))
 *(SORT_BY_ALIGNMENT(.bss.$RAM3.*))
 *(SORT_BY_ALIGNMENT(.bss.$USB_RAM.*))
                0x40100000                . = ALIGN ((. != 0x0)?0x4:0x1)
                [!provide]                PROVIDE (__end_bss_RAM3 = .)
                [!provide]                PROVIDE (__end_bss_USB_RAM = .)

.bss_RAM4       0x20040000        0x0
                [!provide]                PROVIDE (__start_bss_RAM4 = .)
                [!provide]                PROVIDE (__start_bss_SRAM4 = .)
 *(SORT_BY_ALIGNMENT(.bss.$RAM4))
 *(SORT_BY_ALIGNMENT(.bss.$SRAM4))
 *(SORT_BY_ALIGNMENT(.bss.$RAM4.*))
 *(SORT_BY_ALIGNMENT(.bss.$SRAM4.*))
                0x20040000                . = ALIGN ((. != 0x0)?0x4:0x1)
                [!provide]                PROVIDE (__end_bss_RAM4 = .)
                [!provide]                PROVIDE (__end_bss_SRAM4 = .)

.bss            0x2000000c      0x1d4
                0x2000000c                _bss = .
                [!provide]                PROVIDE (__start_bss_RAM = .)
                [!provide]                PROVIDE (__start_bss_SRAM = .)
 *(SORT_BY_ALIGNMENT(.bss*))
 .bss.s_Pll0_Freq
                0x2000000c        0x4 ./drivers/fsl_clock.o
 .bss.s_flexcommIrqHandler
                0x20000010       0x24 ./drivers/fsl_flexcomm.o
 .bss.s_flexcommHandle
                0x20000034       0x24 ./drivers/fsl_flexcomm.o
 .bss.s_secpintCallback
                0x20000058        0x8 ./drivers/fsl_pint.o
 .bss.s_pintCallback
                0x20000060       0x20 ./drivers/fsl_pint.o
 .bss.i2c       0x20000080        0x4 ./component/mma8652fc.o
 .bss.i2c_handle
                0x20000084       0x38 ./component/mma8652fc.o
 .bss.mma8652_cfg
                0x200000bc        0x4 ./component/mma8652fc.o
 .bss.i2c_res   0x200000c0        0x4 ./component/mma8652fc.o
 .bss.FLEXCOMM4_handle
                0x200000c4       0x38 ./board/peripherals.o
                0x200000c4                FLEXCOMM4_handle
 .bss.FLEXCOMM4_buffer
                0x200000fc        0xa ./board/peripherals.o
                0x200000fc                FLEXCOMM4_buffer
 *fill*         0x20000106        0x2 
 .bss.FLEXCOMM4_transfer
                0x20000108       0x18 ./board/peripherals.o
                0x20000108                FLEXCOMM4_transfer
 .bss.__Ciob    0x20000120       0xb4 f:/nxp/mcuxpressoide_11.8.0_1165/ide/plugins/com.nxp.mcuxpresso.tools.win32_11.8.0.202306131047/tools/bin/../lib/gcc/arm-none-eabi/12.2.1/../../../../arm-none-eabi/lib/thumb/v8-m.main+fp/hard\libcr_semihost_nf.a(__ciob.o)
                0x20000120                __Ciob
 .bss.__end_of_heap
                0x200001d4        0x4 f:/nxp/mcuxpressoide_11.8.0_1165/ide/plugins/com.nxp.mcuxpresso.tools.win32_11.8.0.202306131047/tools/bin/../lib/gcc/arm-none-eabi/12.2.1/../../../../arm-none-eabi/lib/thumb/v8-m.main+fp/hard\libcr_c.a(__init_alloc.o)
                0x200001d4                __end_of_heap
 .bss.__heaps   0x200001d8        0x4 f:/nxp/mcuxpressoide_11.8.0_1165/ide/plugins/com.nxp.mcuxpresso.tools.win32_11.8.0.202306131047/tools/bin/../lib/gcc/arm-none-eabi/12.2.1/../../../../arm-none-eabi/lib/thumb/v8-m.main+fp/hard\libcr_c.a(__init_alloc.o)
                0x200001d8                __heaps
 .bss.errno     0x200001dc        0x4 f:/nxp/mcuxpressoide_11.8.0_1165/ide/plugins/com.nxp.mcuxpresso.tools.win32_11.8.0.202306131047/tools/bin/../lib/gcc/arm-none-eabi/12.2.1/../../../../arm-none-eabi/lib/thumb/v8-m.main+fp/hard\libcr_c.a(errno.o)
                0x200001dc                errno
 *(SORT_BY_ALIGNMENT(COMMON))
                0x200001e0                . = ALIGN (0x4)
                0x200001e0                _ebss = .
                [!provide]                PROVIDE (__end_bss_RAM = .)
                [!provide]                PROVIDE (__end_bss_SRAM = .)
                [!provide]                PROVIDE (end = .)

.noinit_RAM2    0x04000000        0x0
                [!provide]                PROVIDE (__start_noinit_RAM2 = .)
                [!provide]                PROVIDE (__start_noinit_SRAMX = .)
 *(SORT_BY_ALIGNMENT(.noinit.$RAM2))
 *(SORT_BY_ALIGNMENT(.noinit.$SRAMX))
 *(SORT_BY_ALIGNMENT(.noinit.$RAM2.*))
 *(SORT_BY_ALIGNMENT(.noinit.$SRAMX.*))
                0x04000000                . = ALIGN (0x4)
                [!provide]                PROVIDE (__end_noinit_RAM2 = .)
                [!provide]                PROVIDE (__end_noinit_SRAMX = .)

.noinit_RAM3    0x40100000        0x0
                [!provide]                PROVIDE (__start_noinit_RAM3 = .)
                [!provide]                PROVIDE (__start_noinit_USB_RAM = .)
 *(SORT_BY_ALIGNMENT(.noinit.$RAM3))
 *(SORT_BY_ALIGNMENT(.noinit.$USB_RAM))
 *(SORT_BY_ALIGNMENT(.noinit.$RAM3.*))
 *(SORT_BY_ALIGNMENT(.noinit.$USB_RAM.*))
                0x40100000                . = ALIGN (0x4)
                [!provide]                PROVIDE (__end_noinit_RAM3 = .)
                [!provide]                PROVIDE (__end_noinit_USB_RAM = .)

.noinit_RAM4    0x20040000        0x0
                [!provide]                PROVIDE (__start_noinit_RAM4 = .)
                [!provide]                PROVIDE (__start_noinit_SRAM4 = .)
 *(SORT_BY_ALIGNMENT(.noinit.$RAM4))
 *(SORT_BY_ALIGNMENT(.noinit.$SRAM4))
 *(SORT_BY_ALIGNMENT(.noinit.$RAM4.*))
 *(SORT_BY_ALIGNMENT(.noinit.$SRAM4.*))
                0x20040000                . = ALIGN (0x4)
                [!provide]                PROVIDE (__end_noinit_RAM4 = .)
                [!provide]                PROVIDE (__end_noinit_SRAM4 = .)

.noinit         0x200001e0        0x0
                0x200001e0                _noinit = .
                [!provide]                PROVIDE (__start_noinit_RAM = .)
                [!provide]                PROVIDE (__start_noinit_SRAM = .)
 *(SORT_BY_ALIGNMENT(.noinit*))
                0x200001e0                . = ALIGN (0x4)
                0x200001e0                _end_noinit = .
                [!provide]                PROVIDE (__end_noinit_RAM = .)
                [!provide]                PROVIDE (__end_noinit_SRAM = .)
                0x00001000                _HeapSize = 0x1000

.heap           0x200001e0     0x1000
                0x200001e0                _pvHeapStart = .
                0x200011e0                . = (. + _HeapSize)
 *fill*         0x200001e0     0x1000 
                0x200011e0                . = ALIGN (0x4)
                0x200011e0                _pvHeapLimit = .
                0x00001000                _StackSize = 0x1000

.heap2stackfill
                0x200011e0     0x1000
                0x200021e0                . = (. + _StackSize)
 *fill*         0x200011e0     0x1000 

.stack          0x2003f000        0x0
                0x2003f000                _vStackBase = .
                0x2003f000                . = ALIGN (0x4)
                0x20040000                _vStackTop = (. + _StackSize)
                [!provide]                PROVIDE (__valid_user_code_checksum = (0x0 - ((((((_vStackTop + (ResetISR + 0x1)) + (NMI_Handler + 0x1)) + (HardFault_Handler + 0x1)) + (DEFINED (MemManage_Handler)?MemManage_Handler:0x0 + 0x1)) + (DEFINED (BusFault_Handler)?BusFault_Handler:0x0 + 0x1)) + (DEFINED (UsageFault_Handler)?UsageFault_Handler:0x0 + 0x1))))
                0x00000000                _image_start = LOADADDR (.text)
                0x00004308                _image_end = (LOADADDR (.data) + SIZEOF (.data))
                0x00004308                _image_size = (_image_end - _image_start)
OUTPUT(sen_cm33_lab3_i2c.axf elf32-littlearm)
LOAD linker stubs

.debug_info     0x00000000    0x16c17
 .debug_info    0x00000000      0x952 ./startup/startup_lpc55s69_cm33_core0.o
 .debug_info    0x00000952       0x3d ./source/semihost_hardfault.o
 .debug_info    0x0000098f     0x1180 ./source/sen_cm33_lab3_i2c.o
 .debug_info    0x00001b0f     0x302d ./drivers/fsl_clock.o
 .debug_info    0x00004b3c      0x26e ./drivers/fsl_common.o
 .debug_info    0x00004daa     0x18e9 ./drivers/fsl_flexcomm.o
 .debug_info    0x00006693     0x1fda ./drivers/fsl_i2c.o
 .debug_info    0x0000866d     0x1d27 ./drivers/fsl_inputmux.o
 .debug_info    0x0000a394     0x219f ./drivers/fsl_pint.o
 .debug_info    0x0000c533      0xe11 ./drivers/fsl_reset.o
 .debug_info    0x0000d344     0x131c ./device/system_LPC55S69_cm33_core0.o
 .debug_info    0x0000e660      0x9d2 ./component/mma8652fc.o
 .debug_info    0x0000f032      0x90b ./board/board.o
 .debug_info    0x0000f93d     0x1628 ./board/clock_config.o
 .debug_info    0x00010f65      0xaa4 ./board/peripherals.o
 .debug_info    0x00011a09     0x1d48 ./board/pin_mux.o
 .debug_info    0x00013751     0x34c6 F:\Enib\ProjetCM33\E3\sen_cm33_lab3_i2c\libs\libpower_hardabi.a(fsl_power_lib.o)

.debug_abbrev   0x00000000     0x2615
 .debug_abbrev  0x00000000      0x14a ./startup/startup_lpc55s69_cm33_core0.o
 .debug_abbrev  0x0000014a       0x2f ./source/semihost_hardfault.o
 .debug_abbrev  0x00000179      0x269 ./source/sen_cm33_lab3_i2c.o
 .debug_abbrev  0x000003e2      0x3a2 ./drivers/fsl_clock.o
 .debug_abbrev  0x00000784      0x163 ./drivers/fsl_common.o
 .debug_abbrev  0x000008e7      0x2ff ./drivers/fsl_flexcomm.o
 .debug_abbrev  0x00000be6      0x3b4 ./drivers/fsl_i2c.o
 .debug_abbrev  0x00000f9a      0x1e5 ./drivers/fsl_inputmux.o
 .debug_abbrev  0x0000117f      0x31c ./drivers/fsl_pint.o
 .debug_abbrev  0x0000149b      0x18b ./drivers/fsl_reset.o
 .debug_abbrev  0x00001626      0x201 ./device/system_LPC55S69_cm33_core0.o
 .debug_abbrev  0x00001827      0x20c ./component/mma8652fc.o
 .debug_abbrev  0x00001a33      0x125 ./board/board.o
 .debug_abbrev  0x00001b58      0x233 ./board/clock_config.o
 .debug_abbrev  0x00001d8b      0x1d7 ./board/peripherals.o
 .debug_abbrev  0x00001f62      0x21f ./board/pin_mux.o
 .debug_abbrev  0x00002181      0x494 F:\Enib\ProjetCM33\E3\sen_cm33_lab3_i2c\libs\libpower_hardabi.a(fsl_power_lib.o)

.debug_loclists
                0x00000000      0x113
 .debug_loclists
                0x00000000      0x113 ./startup/startup_lpc55s69_cm33_core0.o

.debug_aranges  0x00000000      0xaf8
 .debug_aranges
                0x00000000      0x268 ./startup/startup_lpc55s69_cm33_core0.o
 .debug_aranges
                0x00000268       0x20 ./source/semihost_hardfault.o
 .debug_aranges
                0x00000288       0x30 ./source/sen_cm33_lab3_i2c.o
 .debug_aranges
                0x000002b8      0x220 ./drivers/fsl_clock.o
 .debug_aranges
                0x000004d8       0x38 ./drivers/fsl_common.o
 .debug_aranges
                0x00000510       0x90 ./drivers/fsl_flexcomm.o
 .debug_aranges
                0x000005a0      0x190 ./drivers/fsl_i2c.o
 .debug_aranges
                0x00000730       0x40 ./drivers/fsl_inputmux.o
 .debug_aranges
                0x00000770      0x118 ./drivers/fsl_pint.o
 .debug_aranges
                0x00000888       0x30 ./drivers/fsl_reset.o
 .debug_aranges
                0x000008b8       0x88 ./device/system_LPC55S69_cm33_core0.o
 .debug_aranges
                0x00000940       0x40 ./component/mma8652fc.o
 .debug_aranges
                0x00000980       0x30 ./board/board.o
 .debug_aranges
                0x000009b0       0x50 ./board/clock_config.o
 .debug_aranges
                0x00000a00       0x30 ./board/peripherals.o
 .debug_aranges
                0x00000a30       0x38 ./board/pin_mux.o
 .debug_aranges
                0x00000a68       0x90 F:\Enib\ProjetCM33\E3\sen_cm33_lab3_i2c\libs\libpower_hardabi.a(fsl_power_lib.o)

.debug_rnglists
                0x00000000      0x7e9
 .debug_rnglists
                0x00000000      0x1c9 ./startup/startup_lpc55s69_cm33_core0.o
 .debug_rnglists
                0x000001c9       0x13 ./source/semihost_hardfault.o
 .debug_rnglists
                0x000001dc       0x20 ./source/sen_cm33_lab3_i2c.o
 .debug_rnglists
                0x000001fc      0x1b0 ./drivers/fsl_clock.o
 .debug_rnglists
                0x000003ac       0x26 ./drivers/fsl_common.o
 .debug_rnglists
                0x000003d2       0x67 ./drivers/fsl_flexcomm.o
 .debug_rnglists
                0x00000439      0x161 ./drivers/fsl_i2c.o
 .debug_rnglists
                0x0000059a       0x2b ./drivers/fsl_inputmux.o
 .debug_rnglists
                0x000005c5       0xd6 ./drivers/fsl_pint.o
 .debug_rnglists
                0x0000069b       0x1f ./drivers/fsl_reset.o
 .debug_rnglists
                0x000006ba       0x63 ./device/system_LPC55S69_cm33_core0.o
 .debug_rnglists
                0x0000071d       0x2d ./component/mma8652fc.o
 .debug_rnglists
                0x0000074a       0x1f ./board/board.o
 .debug_rnglists
                0x00000769       0x3a ./board/clock_config.o
 .debug_rnglists
                0x000007a3       0x20 ./board/peripherals.o
 .debug_rnglists
                0x000007c3       0x26 ./board/pin_mux.o

.debug_macro    0x00000000     0x2a90
 .debug_macro   0x00000000       0x29 ./startup/startup_lpc55s69_cm33_core0.o
 .debug_macro   0x00000029       0x11 ./source/semihost_hardfault.o
 .debug_macro   0x0000003a      0x1f9 ./source/sen_cm33_lab3_i2c.o
 .debug_macro   0x00000233       0xd8 ./source/sen_cm33_lab3_i2c.o
 .debug_macro   0x0000030b       0x22 ./source/sen_cm33_lab3_i2c.o
 .debug_macro   0x0000032d      0x4a0 ./source/sen_cm33_lab3_i2c.o
 .debug_macro   0x000007cd       0x10 ./source/sen_cm33_lab3_i2c.o
 .debug_macro   0x000007dd       0xf6 ./source/sen_cm33_lab3_i2c.o
 .debug_macro   0x000008d3      0x240 ./source/sen_cm33_lab3_i2c.o
 .debug_macro   0x00000b13       0x46 ./source/sen_cm33_lab3_i2c.o
 .debug_macro   0x00000b59       0x1c ./source/sen_cm33_lab3_i2c.o
 .debug_macro   0x00000b75       0x88 ./source/sen_cm33_lab3_i2c.o
 .debug_macro   0x00000bfd       0x2e ./source/sen_cm33_lab3_i2c.o
 .debug_macro   0x00000c2b       0x76 ./source/sen_cm33_lab3_i2c.o
 .debug_macro   0x00000ca1       0x64 ./source/sen_cm33_lab3_i2c.o
 .debug_macro   0x00000d05      0x1bd ./drivers/fsl_clock.o
 .debug_macro   0x00000ec2       0x1c ./drivers/fsl_clock.o
 .debug_macro   0x00000ede      0x304 ./drivers/fsl_clock.o
 .debug_macro   0x000011e2      0x124 ./drivers/fsl_common.o
 .debug_macro   0x00001306      0x127 ./drivers/fsl_flexcomm.o
 .debug_macro   0x0000142d       0x10 ./drivers/fsl_flexcomm.o
 .debug_macro   0x0000143d      0x149 ./drivers/fsl_i2c.o
 .debug_macro   0x00001586       0x16 ./drivers/fsl_i2c.o
 .debug_macro   0x0000159c       0x1c ./drivers/fsl_i2c.o
 .debug_macro   0x000015b8      0x131 ./drivers/fsl_inputmux.o
 .debug_macro   0x000016e9       0x70 ./drivers/fsl_inputmux.o
 .debug_macro   0x00001759      0x12d ./drivers/fsl_pint.o
 .debug_macro   0x00001886       0x70 ./drivers/fsl_pint.o
 .debug_macro   0x000018f6      0x11e ./drivers/fsl_reset.o
 .debug_macro   0x00001a14       0xc1 ./device/system_LPC55S69_cm33_core0.o
 .debug_macro   0x00001ad5      0x1d4 ./component/mma8652fc.o
 .debug_macro   0x00001ca9       0x5e ./component/mma8652fc.o
 .debug_macro   0x00001d07      0x19a ./board/board.o
 .debug_macro   0x00001ea1       0x16 ./board/board.o
 .debug_macro   0x00001eb7      0x4a6 ./board/board.o
 .debug_macro   0x0000235d      0x13e ./board/clock_config.o
 .debug_macro   0x0000249b      0x2fe ./board/clock_config.o
 .debug_macro   0x00002799      0x14a ./board/peripherals.o
 .debug_macro   0x000028e3      0x143 ./board/pin_mux.o
 .debug_macro   0x00002a26       0x6a ./board/pin_mux.o

.debug_line     0x00000000     0x818a
 .debug_line    0x00000000      0x831 ./startup/startup_lpc55s69_cm33_core0.o
 .debug_line    0x00000831       0x59 ./source/semihost_hardfault.o
 .debug_line    0x0000088a      0x5ad ./source/sen_cm33_lab3_i2c.o
 .debug_line    0x00000e37     0x1646 ./drivers/fsl_clock.o
 .debug_line    0x0000247d      0x3cf ./drivers/fsl_common.o
 .debug_line    0x0000284c      0x5b2 ./drivers/fsl_flexcomm.o
 .debug_line    0x00002dfe     0x11d9 ./drivers/fsl_i2c.o
 .debug_line    0x00003fd7      0x3cc ./drivers/fsl_inputmux.o
 .debug_line    0x000043a3      0xc44 ./drivers/fsl_pint.o
 .debug_line    0x00004fe7      0x396 ./drivers/fsl_reset.o
 .debug_line    0x0000537d      0x6a6 ./device/system_LPC55S69_cm33_core0.o
 .debug_line    0x00005a23      0x57c ./component/mma8652fc.o
 .debug_line    0x00005f9f      0x4a6 ./board/board.o
 .debug_line    0x00006445      0x472 ./board/clock_config.o
 .debug_line    0x000068b7      0x3a8 ./board/peripherals.o
 .debug_line    0x00006c5f      0x434 ./board/pin_mux.o
 .debug_line    0x00007093     0x10f7 F:\Enib\ProjetCM33\E3\sen_cm33_lab3_i2c\libs\libpower_hardabi.a(fsl_power_lib.o)

.debug_str      0x00000000    0xbbcea
 .debug_str     0x00000000     0x357b ./startup/startup_lpc55s69_cm33_core0.o
                               0x35ea (size before relaxing)
 .debug_str     0x0000357b       0x1f ./source/semihost_hardfault.o
                               0x2f0f (size before relaxing)
 .debug_str     0x0000359a    0xae446 ./source/sen_cm33_lab3_i2c.o
                              0xb1490 (size before relaxing)
 .debug_str     0x000b19e0     0x4251 ./drivers/fsl_clock.o
                              0xb0319 (size before relaxing)
 .debug_str     0x000b5c31      0x12f ./drivers/fsl_common.o
                              0xab81f (size before relaxing)
 .debug_str     0x000b5d60      0x353 ./drivers/fsl_flexcomm.o
                              0xada65 (size before relaxing)
 .debug_str     0x000b60b3      0xe0c ./drivers/fsl_i2c.o
                              0xad6e2 (size before relaxing)
 .debug_str     0x000b6ebf     0x30c9 ./drivers/fsl_inputmux.o
                              0xaf44f (size before relaxing)
 .debug_str     0x000b9f88      0x6e9 ./drivers/fsl_pint.o
                              0xae3d7 (size before relaxing)
 .debug_str     0x000ba671       0x98 ./drivers/fsl_reset.o
                              0xac4c0 (size before relaxing)
 .debug_str     0x000ba709      0x124 ./device/system_LPC55S69_cm33_core0.o
                              0xaa298 (size before relaxing)
 .debug_str     0x000ba82d      0x21d ./component/mma8652fc.o
                              0xacc05 (size before relaxing)
 .debug_str     0x000baa4a       0xca ./board/board.o
                              0xb075e (size before relaxing)
 .debug_str     0x000bab14       0x97 ./board/clock_config.o
                              0xb015e (size before relaxing)
 .debug_str     0x000babab       0x82 ./board/peripherals.o
                              0xacbc5 (size before relaxing)
 .debug_str     0x000bac2d       0x71 ./board/pin_mux.o
                              0xafc22 (size before relaxing)
 .debug_str     0x000bac9e     0x104c F:\Enib\ProjetCM33\E3\sen_cm33_lab3_i2c\libs\libpower_hardabi.a(fsl_power_lib.o)
                               0x31c0 (size before relaxing)

.comment        0x00000000       0xbe
 .comment       0x00000000       0x45 ./startup/startup_lpc55s69_cm33_core0.o
                                 0x46 (size before relaxing)
 .comment       0x00000045       0x46 ./source/semihost_hardfault.o
 .comment       0x00000045       0x46 ./source/sen_cm33_lab3_i2c.o
 .comment       0x00000045       0x46 ./drivers/fsl_clock.o
 .comment       0x00000045       0x46 ./drivers/fsl_common.o
 .comment       0x00000045       0x46 ./drivers/fsl_flexcomm.o
 .comment       0x00000045       0x46 ./drivers/fsl_i2c.o
 .comment       0x00000045       0x46 ./drivers/fsl_inputmux.o
 .comment       0x00000045       0x46 ./drivers/fsl_pint.o
 .comment       0x00000045       0x46 ./drivers/fsl_reset.o
 .comment       0x00000045       0x46 ./device/system_LPC55S69_cm33_core0.o
 .comment       0x00000045       0x46 ./component/mma8652fc.o
 .comment       0x00000045       0x46 ./board/board.o
 .comment       0x00000045       0x46 ./board/clock_config.o
 .comment       0x00000045       0x46 ./board/peripherals.o
 .comment       0x00000045       0x46 ./board/pin_mux.o
 .comment       0x00000045       0x79 F:\Enib\ProjetCM33\E3\sen_cm33_lab3_i2c\libs\libpower_hardabi.a(fsl_power_lib.o)
                                 0x7a (size before relaxing)
 .comment       0x000000be       0x46 f:/nxp/mcuxpressoide_11.8.0_1165/ide/plugins/com.nxp.mcuxpresso.tools.win32_11.8.0.202306131047/tools/bin/../lib/gcc/arm-none-eabi/12.2.1/../../../../arm-none-eabi/lib/thumb/v8-m.main+fp/hard\libcr_semihost_nf.a(_cr__main.o)
 .comment       0x000000be       0x46 f:/nxp/mcuxpressoide_11.8.0_1165/ide/plugins/com.nxp.mcuxpresso.tools.win32_11.8.0.202306131047/tools/bin/../lib/gcc/arm-none-eabi/12.2.1/../../../../arm-none-eabi/lib/thumb/v8-m.main+fp/hard\libcr_semihost_nf.a(_cr_assert.o)
 .comment       0x000000be       0x46 f:/nxp/mcuxpressoide_11.8.0_1165/ide/plugins/com.nxp.mcuxpresso.tools.win32_11.8.0.202306131047/tools/bin/../lib/gcc/arm-none-eabi/12.2.1/../../../../arm-none-eabi/lib/thumb/v8-m.main+fp/hard\libcr_semihost_nf.a(__ciob.o)
 .comment       0x000000be       0x46 f:/nxp/mcuxpressoide_11.8.0_1165/ide/plugins/com.nxp.mcuxpresso.tools.win32_11.8.0.202306131047/tools/bin/../lib/gcc/arm-none-eabi/12.2.1/../../../../arm-none-eabi/lib/thumb/v8-m.main+fp/hard\libcr_c.a(memset.o)
 .comment       0x000000be       0x46 f:/nxp/mcuxpressoide_11.8.0_1165/ide/plugins/com.nxp.mcuxpresso.tools.win32_11.8.0.202306131047/tools/bin/../lib/gcc/arm-none-eabi/12.2.1/../../../../arm-none-eabi/lib/thumb/v8-m.main+fp/hard\libcr_c.a(_deferredlazyseek.o)
 .comment       0x000000be       0x46 f:/nxp/mcuxpressoide_11.8.0_1165/ide/plugins/com.nxp.mcuxpresso.tools.win32_11.8.0.202306131047/tools/bin/../lib/gcc/arm-none-eabi/12.2.1/../../../../arm-none-eabi/lib/thumb/v8-m.main+fp/hard\libcr_c.a(_fflush.o)
 .comment       0x000000be       0x46 f:/nxp/mcuxpressoide_11.8.0_1165/ide/plugins/com.nxp.mcuxpresso.tools.win32_11.8.0.202306131047/tools/bin/../lib/gcc/arm-none-eabi/12.2.1/../../../../arm-none-eabi/lib/thumb/v8-m.main+fp/hard\libcr_c.a(_writebuf.o)
 .comment       0x000000be       0x46 f:/nxp/mcuxpressoide_11.8.0_1165/ide/plugins/com.nxp.mcuxpresso.tools.win32_11.8.0.202306131047/tools/bin/../lib/gcc/arm-none-eabi/12.2.1/../../../../arm-none-eabi/lib/thumb/v8-m.main+fp/hard\libcr_c.a(alloc.o)
 .comment       0x000000be       0x46 f:/nxp/mcuxpressoide_11.8.0_1165/ide/plugins/com.nxp.mcuxpresso.tools.win32_11.8.0.202306131047/tools/bin/../lib/gcc/arm-none-eabi/12.2.1/../../../../arm-none-eabi/lib/thumb/v8-m.main+fp/hard\libcr_c.a(fputs.o)
 .comment       0x000000be       0x46 f:/nxp/mcuxpressoide_11.8.0_1165/ide/plugins/com.nxp.mcuxpresso.tools.win32_11.8.0.202306131047/tools/bin/../lib/gcc/arm-none-eabi/12.2.1/../../../../arm-none-eabi/lib/thumb/v8-m.main+fp/hard\libcr_c.a(fseek.o)
 .comment       0x000000be       0x46 f:/nxp/mcuxpressoide_11.8.0_1165/ide/plugins/com.nxp.mcuxpresso.tools.win32_11.8.0.202306131047/tools/bin/../lib/gcc/arm-none-eabi/12.2.1/../../../../arm-none-eabi/lib/thumb/v8-m.main+fp/hard\libcr_c.a(ftell.o)
 .comment       0x000000be       0x46 f:/nxp/mcuxpressoide_11.8.0_1165/ide/plugins/com.nxp.mcuxpresso.tools.win32_11.8.0.202306131047/tools/bin/../lib/gcc/arm-none-eabi/12.2.1/../../../../arm-none-eabi/lib/thumb/v8-m.main+fp/hard\libcr_c.a(initio.o)
 .comment       0x000000be       0x46 f:/nxp/mcuxpressoide_11.8.0_1165/ide/plugins/com.nxp.mcuxpresso.tools.win32_11.8.0.202306131047/tools/bin/../lib/gcc/arm-none-eabi/12.2.1/../../../../arm-none-eabi/lib/thumb/v8-m.main+fp/hard\libcr_c.a(printf.o)
 .comment       0x000000be       0x46 f:/nxp/mcuxpressoide_11.8.0_1165/ide/plugins/com.nxp.mcuxpresso.tools.win32_11.8.0.202306131047/tools/bin/../lib/gcc/arm-none-eabi/12.2.1/../../../../arm-none-eabi/lib/thumb/v8-m.main+fp/hard\libcr_c.a(setvbuf.o)
 .comment       0x000000be       0x46 f:/nxp/mcuxpressoide_11.8.0_1165/ide/plugins/com.nxp.mcuxpresso.tools.win32_11.8.0.202306131047/tools/bin/../lib/gcc/arm-none-eabi/12.2.1/../../../../arm-none-eabi/lib/thumb/v8-m.main+fp/hard\libcr_c.a(strlen.o)
 .comment       0x000000be       0x46 f:/nxp/mcuxpressoide_11.8.0_1165/ide/plugins/com.nxp.mcuxpresso.tools.win32_11.8.0.202306131047/tools/bin/../lib/gcc/arm-none-eabi/12.2.1/../../../../arm-none-eabi/lib/thumb/v8-m.main+fp/hard\libcr_c.a(__init_alloc.o)
 .comment       0x000000be       0x46 f:/nxp/mcuxpressoide_11.8.0_1165/ide/plugins/com.nxp.mcuxpresso.tools.win32_11.8.0.202306131047/tools/bin/../lib/gcc/arm-none-eabi/12.2.1/../../../../arm-none-eabi/lib/thumb/v8-m.main+fp/hard\libcr_c.a(_cr_sbrk.o)
 .comment       0x000000be       0x46 f:/nxp/mcuxpressoide_11.8.0_1165/ide/plugins/com.nxp.mcuxpresso.tools.win32_11.8.0.202306131047/tools/bin/../lib/gcc/arm-none-eabi/12.2.1/../../../../arm-none-eabi/lib/thumb/v8-m.main+fp/hard\libcr_c.a(_fdopen.o)
 .comment       0x000000be       0x46 f:/nxp/mcuxpressoide_11.8.0_1165/ide/plugins/com.nxp.mcuxpresso.tools.win32_11.8.0.202306131047/tools/bin/../lib/gcc/arm-none-eabi/12.2.1/../../../../arm-none-eabi/lib/thumb/v8-m.main+fp/hard\libcr_c.a(errno.o)
 .comment       0x000000be       0x46 f:/nxp/mcuxpressoide_11.8.0_1165/ide/plugins/com.nxp.mcuxpresso.tools.win32_11.8.0.202306131047/tools/bin/../lib/gcc/arm-none-eabi/12.2.1/../../../../arm-none-eabi/lib/thumb/v8-m.main+fp/hard\libcr_c.a(fclose.o)
 .comment       0x000000be       0x46 f:/nxp/mcuxpressoide_11.8.0_1165/ide/plugins/com.nxp.mcuxpresso.tools.win32_11.8.0.202306131047/tools/bin/../lib/gcc/arm-none-eabi/12.2.1/../../../../arm-none-eabi/lib/thumb/v8-m.main+fp/hard\libcr_c.a(fflush.o)
 .comment       0x000000be       0x46 f:/nxp/mcuxpressoide_11.8.0_1165/ide/plugins/com.nxp.mcuxpresso.tools.win32_11.8.0.202306131047/tools/bin/../lib/gcc/arm-none-eabi/12.2.1/../../../../arm-none-eabi/lib/thumb/v8-m.main+fp/hard\libcr_c.a(remove.o)
 .comment       0x000000be       0x46 f:/nxp/mcuxpressoide_11.8.0_1165/ide/plugins/com.nxp.mcuxpresso.tools.win32_11.8.0.202306131047/tools/bin/../lib/gcc/arm-none-eabi/12.2.1/../../../../arm-none-eabi/lib/thumb/v8-m.main+fp/hard\libcr_c.a(_cr_check_heap.o)
 .comment       0x000000be       0x46 f:/nxp/mcuxpressoide_11.8.0_1165/ide/plugins/com.nxp.mcuxpresso.tools.win32_11.8.0.202306131047/tools/bin/../lib/gcc/arm-none-eabi/12.2.1/../../../../arm-none-eabi/lib/thumb/v8-m.main+fp/hard\libcr_c.a(_do_fflush.o)

.ARM.attributes
                0x00000000       0x38
 .ARM.attributes
                0x00000000       0x3a ./startup/startup_lpc55s69_cm33_core0.o
 .ARM.attributes
                0x0000003a       0x3a ./source/semihost_hardfault.o
 .ARM.attributes
                0x00000074       0x3a ./source/sen_cm33_lab3_i2c.o
 .ARM.attributes
                0x000000ae       0x3a ./drivers/fsl_clock.o
 .ARM.attributes
                0x000000e8       0x3a ./drivers/fsl_common.o
 .ARM.attributes
                0x00000122       0x3a ./drivers/fsl_flexcomm.o
 .ARM.attributes
                0x0000015c       0x3a ./drivers/fsl_i2c.o
 .ARM.attributes
                0x00000196       0x3a ./drivers/fsl_inputmux.o
 .ARM.attributes
                0x000001d0       0x3a ./drivers/fsl_pint.o
 .ARM.attributes
                0x0000020a       0x3a ./drivers/fsl_reset.o
 .ARM.attributes
                0x00000244       0x3a ./device/system_LPC55S69_cm33_core0.o
 .ARM.attributes
                0x0000027e       0x3a ./component/mma8652fc.o
 .ARM.attributes
                0x000002b8       0x3a ./board/board.o
 .ARM.attributes
                0x000002f2       0x3a ./board/clock_config.o
 .ARM.attributes
                0x0000032c       0x3a ./board/peripherals.o
 .ARM.attributes
                0x00000366       0x3a ./board/pin_mux.o
 .ARM.attributes
                0x000003a0       0x3a F:\Enib\ProjetCM33\E3\sen_cm33_lab3_i2c\libs\libpower_hardabi.a(fsl_power_lib.o)
 .ARM.attributes
                0x000003da       0x38 f:/nxp/mcuxpressoide_11.8.0_1165/ide/plugins/com.nxp.mcuxpresso.tools.win32_11.8.0.202306131047/tools/bin/../lib/gcc/arm-none-eabi/12.2.1/../../../../arm-none-eabi/lib/thumb/v8-m.main+fp/hard\libcr_semihost_nf.a(_cr__main.o)
 .ARM.attributes
                0x00000412       0x38 f:/nxp/mcuxpressoide_11.8.0_1165/ide/plugins/com.nxp.mcuxpresso.tools.win32_11.8.0.202306131047/tools/bin/../lib/gcc/arm-none-eabi/12.2.1/../../../../arm-none-eabi/lib/thumb/v8-m.main+fp/hard\libcr_semihost_nf.a(_cr_assert.o)
 .ARM.attributes
                0x0000044a       0x38 f:/nxp/mcuxpressoide_11.8.0_1165/ide/plugins/com.nxp.mcuxpresso.tools.win32_11.8.0.202306131047/tools/bin/../lib/gcc/arm-none-eabi/12.2.1/../../../../arm-none-eabi/lib/thumb/v8-m.main+fp/hard\libcr_semihost_nf.a(__ciob.o)
 .ARM.attributes
                0x00000482       0x24 f:/nxp/mcuxpressoide_11.8.0_1165/ide/plugins/com.nxp.mcuxpresso.tools.win32_11.8.0.202306131047/tools/bin/../lib/gcc/arm-none-eabi/12.2.1/../../../../arm-none-eabi/lib/thumb/v8-m.main+fp/hard\libcr_semihost_nf.a(__sys_appexit.o)
 .ARM.attributes
                0x000004a6       0x38 f:/nxp/mcuxpressoide_11.8.0_1165/ide/plugins/com.nxp.mcuxpresso.tools.win32_11.8.0.202306131047/tools/bin/../lib/gcc/arm-none-eabi/12.2.1/../../../../arm-none-eabi/lib/thumb/v8-m.main+fp/hard\libcr_c.a(memset.o)
 .ARM.attributes
                0x000004de       0x38 f:/nxp/mcuxpressoide_11.8.0_1165/ide/plugins/com.nxp.mcuxpresso.tools.win32_11.8.0.202306131047/tools/bin/../lib/gcc/arm-none-eabi/12.2.1/../../../../arm-none-eabi/lib/thumb/v8-m.main+fp/hard\libcr_c.a(_deferredlazyseek.o)
 .ARM.attributes
                0x00000516       0x38 f:/nxp/mcuxpressoide_11.8.0_1165/ide/plugins/com.nxp.mcuxpresso.tools.win32_11.8.0.202306131047/tools/bin/../lib/gcc/arm-none-eabi/12.2.1/../../../../arm-none-eabi/lib/thumb/v8-m.main+fp/hard\libcr_c.a(_fflush.o)
 .ARM.attributes
                0x0000054e       0x38 f:/nxp/mcuxpressoide_11.8.0_1165/ide/plugins/com.nxp.mcuxpresso.tools.win32_11.8.0.202306131047/tools/bin/../lib/gcc/arm-none-eabi/12.2.1/../../../../arm-none-eabi/lib/thumb/v8-m.main+fp/hard\libcr_c.a(_writebuf.o)
 .ARM.attributes
                0x00000586       0x38 f:/nxp/mcuxpressoide_11.8.0_1165/ide/plugins/com.nxp.mcuxpresso.tools.win32_11.8.0.202306131047/tools/bin/../lib/gcc/arm-none-eabi/12.2.1/../../../../arm-none-eabi/lib/thumb/v8-m.main+fp/hard\libcr_c.a(alloc.o)
 .ARM.attributes
                0x000005be       0x38 f:/nxp/mcuxpressoide_11.8.0_1165/ide/plugins/com.nxp.mcuxpresso.tools.win32_11.8.0.202306131047/tools/bin/../lib/gcc/arm-none-eabi/12.2.1/../../../../arm-none-eabi/lib/thumb/v8-m.main+fp/hard\libcr_c.a(fputs.o)
 .ARM.attributes
                0x000005f6       0x38 f:/nxp/mcuxpressoide_11.8.0_1165/ide/plugins/com.nxp.mcuxpresso.tools.win32_11.8.0.202306131047/tools/bin/../lib/gcc/arm-none-eabi/12.2.1/../../../../arm-none-eabi/lib/thumb/v8-m.main+fp/hard\libcr_c.a(fseek.o)
 .ARM.attributes
                0x0000062e       0x38 f:/nxp/mcuxpressoide_11.8.0_1165/ide/plugins/com.nxp.mcuxpresso.tools.win32_11.8.0.202306131047/tools/bin/../lib/gcc/arm-none-eabi/12.2.1/../../../../arm-none-eabi/lib/thumb/v8-m.main+fp/hard\libcr_c.a(ftell.o)
 .ARM.attributes
                0x00000666       0x38 f:/nxp/mcuxpressoide_11.8.0_1165/ide/plugins/com.nxp.mcuxpresso.tools.win32_11.8.0.202306131047/tools/bin/../lib/gcc/arm-none-eabi/12.2.1/../../../../arm-none-eabi/lib/thumb/v8-m.main+fp/hard\libcr_c.a(initio.o)
 .ARM.attributes
                0x0000069e       0x38 f:/nxp/mcuxpressoide_11.8.0_1165/ide/plugins/com.nxp.mcuxpresso.tools.win32_11.8.0.202306131047/tools/bin/../lib/gcc/arm-none-eabi/12.2.1/../../../../arm-none-eabi/lib/thumb/v8-m.main+fp/hard\libcr_c.a(printf.o)
 .ARM.attributes
                0x000006d6       0x38 f:/nxp/mcuxpressoide_11.8.0_1165/ide/plugins/com.nxp.mcuxpresso.tools.win32_11.8.0.202306131047/tools/bin/../lib/gcc/arm-none-eabi/12.2.1/../../../../arm-none-eabi/lib/thumb/v8-m.main+fp/hard\libcr_c.a(setvbuf.o)
 .ARM.attributes
                0x0000070e       0x38 f:/nxp/mcuxpressoide_11.8.0_1165/ide/plugins/com.nxp.mcuxpresso.tools.win32_11.8.0.202306131047/tools/bin/../lib/gcc/arm-none-eabi/12.2.1/../../../../arm-none-eabi/lib/thumb/v8-m.main+fp/hard\libcr_c.a(strlen.o)
 .ARM.attributes
                0x00000746       0x38 f:/nxp/mcuxpressoide_11.8.0_1165/ide/plugins/com.nxp.mcuxpresso.tools.win32_11.8.0.202306131047/tools/bin/../lib/gcc/arm-none-eabi/12.2.1/../../../../arm-none-eabi/lib/thumb/v8-m.main+fp/hard\libcr_c.a(__init_alloc.o)
 .ARM.attributes
                0x0000077e       0x38 f:/nxp/mcuxpressoide_11.8.0_1165/ide/plugins/com.nxp.mcuxpresso.tools.win32_11.8.0.202306131047/tools/bin/../lib/gcc/arm-none-eabi/12.2.1/../../../../arm-none-eabi/lib/thumb/v8-m.main+fp/hard\libcr_c.a(_cr_sbrk.o)
 .ARM.attributes
                0x000007b6       0x38 f:/nxp/mcuxpressoide_11.8.0_1165/ide/plugins/com.nxp.mcuxpresso.tools.win32_11.8.0.202306131047/tools/bin/../lib/gcc/arm-none-eabi/12.2.1/../../../../arm-none-eabi/lib/thumb/v8-m.main+fp/hard\libcr_c.a(_fdopen.o)
 .ARM.attributes
                0x000007ee       0x38 f:/nxp/mcuxpressoide_11.8.0_1165/ide/plugins/com.nxp.mcuxpresso.tools.win32_11.8.0.202306131047/tools/bin/../lib/gcc/arm-none-eabi/12.2.1/../../../../arm-none-eabi/lib/thumb/v8-m.main+fp/hard\libcr_c.a(errno.o)
 .ARM.attributes
                0x00000826       0x38 f:/nxp/mcuxpressoide_11.8.0_1165/ide/plugins/com.nxp.mcuxpresso.tools.win32_11.8.0.202306131047/tools/bin/../lib/gcc/arm-none-eabi/12.2.1/../../../../arm-none-eabi/lib/thumb/v8-m.main+fp/hard\libcr_c.a(fclose.o)
 .ARM.attributes
                0x0000085e       0x38 f:/nxp/mcuxpressoide_11.8.0_1165/ide/plugins/com.nxp.mcuxpresso.tools.win32_11.8.0.202306131047/tools/bin/../lib/gcc/arm-none-eabi/12.2.1/../../../../arm-none-eabi/lib/thumb/v8-m.main+fp/hard\libcr_c.a(fflush.o)
 .ARM.attributes
                0x00000896       0x38 f:/nxp/mcuxpressoide_11.8.0_1165/ide/plugins/com.nxp.mcuxpresso.tools.win32_11.8.0.202306131047/tools/bin/../lib/gcc/arm-none-eabi/12.2.1/../../../../arm-none-eabi/lib/thumb/v8-m.main+fp/hard\libcr_c.a(remove.o)
 .ARM.attributes
                0x000008ce       0x38 f:/nxp/mcuxpressoide_11.8.0_1165/ide/plugins/com.nxp.mcuxpresso.tools.win32_11.8.0.202306131047/tools/bin/../lib/gcc/arm-none-eabi/12.2.1/../../../../arm-none-eabi/lib/thumb/v8-m.main+fp/hard\libcr_c.a(_cr_check_heap.o)
 .ARM.attributes
                0x00000906       0x38 f:/nxp/mcuxpressoide_11.8.0_1165/ide/plugins/com.nxp.mcuxpresso.tools.win32_11.8.0.202306131047/tools/bin/../lib/gcc/arm-none-eabi/12.2.1/../../../../arm-none-eabi/lib/thumb/v8-m.main+fp/hard\libcr_c.a(_do_fflush.o)
 .ARM.attributes
                0x0000093e       0x24 f:/nxp/mcuxpressoide_11.8.0_1165/ide/plugins/com.nxp.mcuxpresso.tools.win32_11.8.0.202306131047/tools/bin/../lib/gcc/arm-none-eabi/12.2.1/thumb/v8-m.main+fp/hard\libcr_eabihelpers.a(division_64.o)
 .ARM.attributes
                0x00000962       0x24 f:/nxp/mcuxpressoide_11.8.0_1165/ide/plugins/com.nxp.mcuxpresso.tools.win32_11.8.0.202306131047/tools/bin/../lib/gcc/arm-none-eabi/12.2.1/thumb/v8-m.main+fp/hard\libcr_eabihelpers.a(division_idiv0.o)
 .ARM.attributes
                0x00000986       0x24 f:/nxp/mcuxpressoide_11.8.0_1165/ide/plugins/com.nxp.mcuxpresso.tools.win32_11.8.0.202306131047/tools/bin/../lib/gcc/arm-none-eabi/12.2.1/thumb/v8-m.main+fp/hard\libcr_eabihelpers.a(memcpy.o)
 .ARM.attributes
                0x000009aa       0x24 f:/nxp/mcuxpressoide_11.8.0_1165/ide/plugins/com.nxp.mcuxpresso.tools.win32_11.8.0.202306131047/tools/bin/../lib/gcc/arm-none-eabi/12.2.1/../../../../arm-none-eabi/lib/thumb/v8-m.main+fp/hard\libcr_semihost_nf.a(__sys_close.o)
 .ARM.attributes
                0x000009ce       0x24 f:/nxp/mcuxpressoide_11.8.0_1165/ide/plugins/com.nxp.mcuxpresso.tools.win32_11.8.0.202306131047/tools/bin/../lib/gcc/arm-none-eabi/12.2.1/../../../../arm-none-eabi/lib/thumb/v8-m.main+fp/hard\libcr_semihost_nf.a(__sys_flen.o)
 .ARM.attributes
                0x000009f2       0x24 f:/nxp/mcuxpressoide_11.8.0_1165/ide/plugins/com.nxp.mcuxpresso.tools.win32_11.8.0.202306131047/tools/bin/../lib/gcc/arm-none-eabi/12.2.1/../../../../arm-none-eabi/lib/thumb/v8-m.main+fp/hard\libcr_semihost_nf.a(__sys_istty.o)
 .ARM.attributes
                0x00000a16       0x24 f:/nxp/mcuxpressoide_11.8.0_1165/ide/plugins/com.nxp.mcuxpresso.tools.win32_11.8.0.202306131047/tools/bin/../lib/gcc/arm-none-eabi/12.2.1/../../../../arm-none-eabi/lib/thumb/v8-m.main+fp/hard\libcr_semihost_nf.a(__sys_remove.o)
 .ARM.attributes
                0x00000a3a       0x24 f:/nxp/mcuxpressoide_11.8.0_1165/ide/plugins/com.nxp.mcuxpresso.tools.win32_11.8.0.202306131047/tools/bin/../lib/gcc/arm-none-eabi/12.2.1/../../../../arm-none-eabi/lib/thumb/v8-m.main+fp/hard\libcr_semihost_nf.a(__sys_seek.o)
 .ARM.attributes
                0x00000a5e       0x24 f:/nxp/mcuxpressoide_11.8.0_1165/ide/plugins/com.nxp.mcuxpresso.tools.win32_11.8.0.202306131047/tools/bin/../lib/gcc/arm-none-eabi/12.2.1/../../../../arm-none-eabi/lib/thumb/v8-m.main+fp/hard\libcr_semihost_nf.a(__sys_tmpnam.o)
 .ARM.attributes
                0x00000a82       0x24 f:/nxp/mcuxpressoide_11.8.0_1165/ide/plugins/com.nxp.mcuxpresso.tools.win32_11.8.0.202306131047/tools/bin/../lib/gcc/arm-none-eabi/12.2.1/../../../../arm-none-eabi/lib/thumb/v8-m.main+fp/hard\libcr_semihost_nf.a(__sys_write.o)

.debug_frame    0x00000000     0x2740
 .debug_frame   0x00000000      0x6a4 ./startup/startup_lpc55s69_cm33_core0.o
 .debug_frame   0x000006a4       0x20 ./source/semihost_hardfault.o
 .debug_frame   0x000006c4       0x80 ./source/sen_cm33_lab3_i2c.o
 .debug_frame   0x00000744      0x980 ./drivers/fsl_clock.o
 .debug_frame   0x000010c4       0xac ./drivers/fsl_common.o
 .debug_frame   0x00001170      0x1ec ./drivers/fsl_flexcomm.o
 .debug_frame   0x0000135c      0x6f0 ./drivers/fsl_i2c.o
 .debug_frame   0x00001a4c       0xd0 ./drivers/fsl_inputmux.o
 .debug_frame   0x00001b1c      0x4b8 ./drivers/fsl_pint.o
 .debug_frame   0x00001fd4       0x7c ./drivers/fsl_reset.o
 .debug_frame   0x00002050      0x210 ./device/system_LPC55S69_cm33_core0.o
 .debug_frame   0x00002260       0xc8 ./component/mma8652fc.o
 .debug_frame   0x00002328       0x80 ./board/board.o
 .debug_frame   0x000023a8       0xf8 ./board/clock_config.o
 .debug_frame   0x000024a0       0x64 ./board/peripherals.o
 .debug_frame   0x00002504       0xa0 ./board/pin_mux.o
 .debug_frame   0x000025a4      0x19c F:\Enib\ProjetCM33\E3\sen_cm33_lab3_i2c\libs\libpower_hardabi.a(fsl_power_lib.o)

.debug_loc      0x00000000     0x1884
 .debug_loc     0x00000000     0x1884 F:\Enib\ProjetCM33\E3\sen_cm33_lab3_i2c\libs\libpower_hardabi.a(fsl_power_lib.o)

.debug_ranges   0x00000000      0x1e8
 .debug_ranges  0x00000000      0x1e8 F:\Enib\ProjetCM33\E3\sen_cm33_lab3_i2c\libs\libpower_hardabi.a(fsl_power_lib.o)

Cross Reference Table

Symbol                                            File
ACMP_DriverIRQHandler                             ./startup/startup_lpc55s69_cm33_core0.o
ACMP_IRQHandler                                   ./startup/startup_lpc55s69_cm33_core0.o
ADC0_DriverIRQHandler                             ./startup/startup_lpc55s69_cm33_core0.o
ADC0_IRQHandler                                   ./startup/startup_lpc55s69_cm33_core0.o
BOARD_BootClockFRO12M                             ./board/clock_config.o
BOARD_BootClockFROHF96M                           ./board/clock_config.o
BOARD_BootClockPLL100M                            ./board/clock_config.o
BOARD_BootClockPLL150M                            ./board/clock_config.o
BOARD_BootClockPLL1_150M                          ./board/clock_config.o
BOARD_InitBootClocks                              ./board/clock_config.o
                                                  ./source/sen_cm33_lab3_i2c.o
BOARD_InitBootPeripherals                         ./board/peripherals.o